Archive member included to satisfy reference by file (symbol)

/home/jdr/eclipse-workspace/libopencm3/lib/libopencm3_stm32f1.a(gpio.o)
                              ./src/main.o (gpio_set_mode)
/home/jdr/eclipse-workspace/libopencm3/lib/libopencm3_stm32f1.a(rcc.o)
                              ./src/clock.o (rcc_osc_on)
/home/jdr/eclipse-workspace/libopencm3/lib/libopencm3_stm32f1.a(rtc.o)
                              ./src/clock.o (rtc_enter_config_mode)
/home/jdr/eclipse-workspace/libopencm3/lib/libopencm3_stm32f1.a(gpio_common_all.o)
                              ./src/relays.o (gpio_clear)
/home/jdr/eclipse-workspace/libopencm3/lib/libopencm3_stm32f1.a(pwr_common_v1.o)
                              ./src/clock.o (pwr_disable_backup_domain_write_protect)
/home/jdr/eclipse-workspace/libopencm3/lib/libopencm3_stm32f1.a(usart_common_all.o)
                              ./src/usart_comm.o (usart_set_baudrate)
/home/jdr/eclipse-workspace/libopencm3/lib/libopencm3_stm32f1.a(usart_common_f124.o)
                              /home/jdr/eclipse-workspace/libopencm3/lib/libopencm3_stm32f1.a(usart_common_all.o) (usart_send)
/home/jdr/eclipse-workspace/libopencm3/lib/libopencm3_stm32f1.a(rcc_common_all.o)
                              ./src/clock.o (rcc_periph_clock_enable)
/home/jdr/eclipse-workspace/libopencm3/lib/libopencm3_stm32f1.a(flash_common_all.o)
                              /home/jdr/eclipse-workspace/libopencm3/lib/libopencm3_stm32f1.a(rcc.o) (flash_set_ws)
/home/jdr/eclipse-workspace/libopencm3/lib/libopencm3_stm32f1.a(vector.o)
                              (reset_handler)
/home/jdr/eclipse-workspace/libopencm3/lib/libopencm3_stm32f1.a(assert.o)
                              /home/jdr/eclipse-workspace/libopencm3/lib/libopencm3_stm32f1.a(rcc.o) (cm3_assert_failed)
/usr/lib/gcc/arm-none-eabi/8.2.0/../../../../arm-none-eabi/lib/thumb/v7-m/nofp/libg_nano.a(lib_a-printf.o)
                              ./src/clock.o (printf)
/usr/lib/gcc/arm-none-eabi/8.2.0/../../../../arm-none-eabi/lib/thumb/v7-m/nofp/libg_nano.a(lib_a-rand.o)
                              ./src/relays.o (rand)
/usr/lib/gcc/arm-none-eabi/8.2.0/../../../../arm-none-eabi/lib/thumb/v7-m/nofp/libg_nano.a(lib_a-scanf.o)
                              ./src/clock.o (scanf)
/usr/lib/gcc/arm-none-eabi/8.2.0/../../../../arm-none-eabi/lib/thumb/v7-m/nofp/libg_nano.a(lib_a-findfp.o)
                              /usr/lib/gcc/arm-none-eabi/8.2.0/../../../../arm-none-eabi/lib/thumb/v7-m/nofp/libg_nano.a(lib_a-printf.o) (__sinit)
/usr/lib/gcc/arm-none-eabi/8.2.0/../../../../arm-none-eabi/lib/thumb/v7-m/nofp/libg_nano.a(lib_a-fwalk.o)
                              /usr/lib/gcc/arm-none-eabi/8.2.0/../../../../arm-none-eabi/lib/thumb/v7-m/nofp/libg_nano.a(lib_a-findfp.o) (_fwalk)
/usr/lib/gcc/arm-none-eabi/8.2.0/../../../../arm-none-eabi/lib/thumb/v7-m/nofp/libg_nano.a(lib_a-impure.o)
                              /usr/lib/gcc/arm-none-eabi/8.2.0/../../../../arm-none-eabi/lib/thumb/v7-m/nofp/libg_nano.a(lib_a-findfp.o) (_global_impure_ptr)
/usr/lib/gcc/arm-none-eabi/8.2.0/../../../../arm-none-eabi/lib/thumb/v7-m/nofp/libg_nano.a(lib_a-malloc.o)
                              /usr/lib/gcc/arm-none-eabi/8.2.0/../../../../arm-none-eabi/lib/thumb/v7-m/nofp/libg_nano.a(lib_a-rand.o) (malloc)
/usr/lib/gcc/arm-none-eabi/8.2.0/../../../../arm-none-eabi/lib/thumb/v7-m/nofp/libg_nano.a(lib_a-memset.o)
                              /usr/lib/gcc/arm-none-eabi/8.2.0/../../../../arm-none-eabi/lib/thumb/v7-m/nofp/libg_nano.a(lib_a-findfp.o) (memset)
/usr/lib/gcc/arm-none-eabi/8.2.0/../../../../arm-none-eabi/lib/thumb/v7-m/nofp/libg_nano.a(lib_a-nano-freer.o)
                              /usr/lib/gcc/arm-none-eabi/8.2.0/../../../../arm-none-eabi/lib/thumb/v7-m/nofp/libg_nano.a(lib_a-malloc.o) (_free_r)
/usr/lib/gcc/arm-none-eabi/8.2.0/../../../../arm-none-eabi/lib/thumb/v7-m/nofp/libg_nano.a(lib_a-nano-mallocr.o)
                              /usr/lib/gcc/arm-none-eabi/8.2.0/../../../../arm-none-eabi/lib/thumb/v7-m/nofp/libg_nano.a(lib_a-findfp.o) (_malloc_r)
/usr/lib/gcc/arm-none-eabi/8.2.0/../../../../arm-none-eabi/lib/thumb/v7-m/nofp/libg_nano.a(lib_a-nano-vfprintf.o)
                              /usr/lib/gcc/arm-none-eabi/8.2.0/../../../../arm-none-eabi/lib/thumb/v7-m/nofp/libg_nano.a(lib_a-printf.o) (_vfprintf_r)
/usr/lib/gcc/arm-none-eabi/8.2.0/../../../../arm-none-eabi/lib/thumb/v7-m/nofp/libg_nano.a(lib_a-nano-vfscanf.o)
                              /usr/lib/gcc/arm-none-eabi/8.2.0/../../../../arm-none-eabi/lib/thumb/v7-m/nofp/libg_nano.a(lib_a-scanf.o) (_vfscanf_r)
/usr/lib/gcc/arm-none-eabi/8.2.0/../../../../arm-none-eabi/lib/thumb/v7-m/nofp/libg_nano.a(lib_a-refill.o)
                              /usr/lib/gcc/arm-none-eabi/8.2.0/../../../../arm-none-eabi/lib/thumb/v7-m/nofp/libg_nano.a(lib_a-nano-vfscanf.o) (__srefill_r)
/usr/lib/gcc/arm-none-eabi/8.2.0/../../../../arm-none-eabi/lib/thumb/v7-m/nofp/libg_nano.a(lib_a-sbrkr.o)
[...]
Memory Configuration

Name             Origin             Length             Attributes
rom              0x0000000008000000 0x0000000000010000 xr
ram              0x0000000020000000 0x0000000000005000 xrw
*default*        0x0000000000000000 0xffffffffffffffff

Linker script and memory map

LOAD ./src/_write.o
LOAD ./src/clock.o
LOAD ./src/main.o
LOAD ./src/relays.o
LOAD ./src/ring.o
LOAD ./src/usart_comm.o
LOAD ./src/usb_comm.o
LOAD /home/jdr/eclipse-workspace/libopencm3/lib/libopencm3_stm32f1.a
LOAD /usr/lib/gcc/arm-none-eabi/8.2.0/../../../../arm-none-eabi/lib/thumb/v7-m/nofp/libstdc++_nano.a
LOAD /usr/lib/gcc/arm-none-eabi/8.2.0/../../../../arm-none-eabi/lib/thumb/v7-m/nofp/libm.a
START GROUP
LOAD /usr/lib/gcc/arm-none-eabi/8.2.0/thumb/v7-m/nofp/libgcc.a
LOAD /usr/lib/gcc/arm-none-eabi/8.2.0/../../../../arm-none-eabi/lib/thumb/v7-m/nofp/libg_nano.a
LOAD /usr/lib/gcc/arm-none-eabi/8.2.0/../../../../arm-none-eabi/lib/thumb/v7-m/nofp/libc_nano.a
END GROUP
START GROUP
LOAD /usr/lib/gcc/arm-none-eabi/8.2.0/thumb/v7-m/nofp/libgcc.a
LOAD /usr/lib/gcc/arm-none-eabi/8.2.0/../../../../arm-none-eabi/lib/thumb/v7-m/nofp/libc_nano.a
LOAD /usr/lib/gcc/arm-none-eabi/8.2.0/../../../../arm-none-eabi/lib/thumb/v7-m/nofp/libnosys.a
END GROUP
START GROUP
LOAD /usr/lib/gcc/arm-none-eabi/8.2.0/thumb/v7-m/nofp/libgcc.a
LOAD /usr/lib/gcc/arm-none-eabi/8.2.0/../../../../arm-none-eabi/lib/thumb/v7-m/nofp/libc_nano.a
LOAD /usr/lib/gcc/arm-none-eabi/8.2.0/../../../../arm-none-eabi/lib/thumb/v7-m/nofp/libnosys.a
END GROUP

.text           0x0000000008000000     0x1900
 *(.vectors)
 .vectors       0x0000000008000000      0x150 /home/jdr/eclipse-workspace/libopencm3/lib/libopencm3_stm32f1.a(vector.o)
                0x0000000008000000                vector_table
 *(.text*)
 .text._write   0x0000000008000150        0xc ./src/_write.o
                0x0000000008000150                _write
 .text._read    0x000000000800015c        0xc ./src/_write.o
                0x000000000800015c                _read
 .text.clock_init
                0x0000000008000168       0x42 ./src/clock.o
                0x0000000008000168                clock_init
 *fill*         0x00000000080001aa        0x2 
 .text.clock_get_time
                0x00000000080001ac       0x7c ./src/clock.o
                0x00000000080001ac                clock_get_time
 .text.clock_get_time_ui
                0x0000000008000228       0x2c ./src/clock.o
                0x0000000008000228                clock_get_time_ui
 .text.clock_get_raw_time
                0x0000000008000254        0x8 ./src/clock.o
                0x0000000008000254                clock_get_raw_time
 .text.main     0x000000000800025c       0x48 ./src/main.o
                0x000000000800025c                main
 .text.logic_update
                0x00000000080002a4       0x94 ./src/relays.o
 .text.state_update
                0x0000000008000338       0x3c ./src/relays.o
 .text.relays_init
                0x0000000008000374       0x34 ./src/relays.o
                0x0000000008000374                relays_init
 .text.relays_update
                0x00000000080003a8       0x20 ./src/relays.o
                0x00000000080003a8                relays_update
 .text.usart_comm_init
                0x00000000080003c8       0x78 ./src/usart_comm.o
                0x00000000080003c8                usart_comm_init
 .text.usart_comm_write
                0x0000000008000440       0x24 ./src/usart_comm.o
                0x0000000008000440                usart_comm_write
 .text.usart_comm_read
                0x0000000008000464       0x1c ./src/usart_comm.o
                0x0000000008000464                usart_comm_read
 .text.gpio_set_mode
                0x0000000008000480       0x5e /home/jdr/eclipse-workspace/libopencm3/lib/libopencm3_stm32f1.a(gpio.o)
                0x0000000008000480                gpio_set_mode
 *fill*         0x00000000080004de        0x2 
 .text.rcc_osc_on.part.1
                0x00000000080004e0       0x10 /home/jdr/eclipse-workspace/libopencm3/lib/libopencm3_stm32f1.a(rcc.o)
 .text.rcc_is_osc_ready
                0x00000000080004f0       0x5c /home/jdr/eclipse-workspace/libopencm3/lib/libopencm3_stm32f1.a(rcc.o)
                0x00000000080004f0                rcc_is_osc_ready
 .text.rcc_wait_for_osc_ready
                0x000000000800054c       0x10 /home/jdr/eclipse-workspace/libopencm3/lib/libopencm3_stm32f1.a(rcc.o)
                0x000000000800054c                rcc_wait_for_osc_ready
 .text.rcc_osc_on
                0x000000000800055c       0x54 /home/jdr/eclipse-workspace/libopencm3/lib/libopencm3_stm32f1.a(rcc.o)
                0x000000000800055c                rcc_osc_on
 .text.rcc_set_sysclk_source
                0x00000000080005b0       0x14 /home/jdr/eclipse-workspace/libopencm3/lib/libopencm3_stm32f1.a(rcc.o)
                0x00000000080005b0                rcc_set_sysclk_source
 .text.rcc_set_pll_multiplication_factor
                0x00000000080005c4       0x14 /home/jdr/eclipse-workspace/libopencm3/lib/libopencm3_stm32f1.a(rcc.o)
                0x00000000080005c4                rcc_set_pll_multiplication_factor
 .text.rcc_set_pll_source
                0x00000000080005d8       0x14 /home/jdr/eclipse-workspace/libopencm3/lib/libopencm3_stm32f1.a(rcc.o)
                0x00000000080005d8                rcc_set_pll_source
 .text.rcc_set_pllxtpre
                0x00000000080005ec       0x14 /home/jdr/eclipse-workspace/libopencm3/lib/libopencm3_stm32f1.a(rcc.o)
                0x00000000080005ec                rcc_set_pllxtpre
 .text.rcc_enable_rtc_clock
                0x0000000008000600       0x10 /home/jdr/eclipse-workspace/libopencm3/lib/libopencm3_stm32f1.a(rcc.o)
                0x0000000008000600                rcc_enable_rtc_clock
 .text.rcc_set_rtc_clock_source
                0x0000000008000610       0x90 /home/jdr/eclipse-workspace/libopencm3/lib/libopencm3_stm32f1.a(rcc.o)
                0x0000000008000610                rcc_set_rtc_clock_source
 .text.rcc_set_adcpre
                0x00000000080006a0       0x14 /home/jdr/eclipse-workspace/libopencm3/lib/libopencm3_stm32f1.a(rcc.o)
                0x00000000080006a0                rcc_set_adcpre
 .text.rcc_set_ppre2
                0x00000000080006b4       0x14 /home/jdr/eclipse-workspace/libopencm3/lib/libopencm3_stm32f1.a(rcc.o)
                0x00000000080006b4                rcc_set_ppre2
 .text.rcc_set_ppre1
                0x00000000080006c8       0x14 /home/jdr/eclipse-workspace/libopencm3/lib/libopencm3_stm32f1.a(rcc.o)
                0x00000000080006c8                rcc_set_ppre1
 .text.rcc_set_hpre
                0x00000000080006dc       0x14 /home/jdr/eclipse-workspace/libopencm3/lib/libopencm3_stm32f1.a(rcc.o)
                0x00000000080006dc                rcc_set_hpre
 .text.rcc_clock_setup_in_hse_8mhz_out_72mhz
                0x00000000080006f0       0x8c /home/jdr/eclipse-workspace/libopencm3/lib/libopencm3_stm32f1.a(rcc.o)
                0x00000000080006f0                rcc_clock_setup_in_hse_8mhz_out_72mhz
 .text.rtc_enter_config_mode
                0x000000000800077c       0x18 /home/jdr/eclipse-workspace/libopencm3/lib/libopencm3_stm32f1.a(rtc.o)
                0x000000000800077c                rtc_enter_config_mode
 .text.rtc_exit_config_mode
                0x0000000008000794       0x18 /home/jdr/eclipse-workspace/libopencm3/lib/libopencm3_stm32f1.a(rtc.o)
                0x0000000008000794                rtc_exit_config_mode
 .text.rtc_set_prescale_val
                0x00000000080007ac       0x20 /home/jdr/eclipse-workspace/libopencm3/lib/libopencm3_stm32f1.a(rtc.o)
                0x00000000080007ac                rtc_set_prescale_val
 .text.rtc_get_counter_val
                0x00000000080007cc       0x14 /home/jdr/eclipse-workspace/libopencm3/lib/libopencm3_stm32f1.a(rtc.o)
                0x00000000080007cc                rtc_get_counter_val
 .text.gpio_clear
                0x00000000080007e0        0x6 /home/jdr/eclipse-workspace/libopencm3/lib/libopencm3_stm32f1.a(gpio_common_all.o)
                0x00000000080007e0                gpio_clear
 *fill*         0x00000000080007e6        0x2 
 .text.pwr_disable_backup_domain_write_protect
                0x00000000080007e8       0x10 /home/jdr/eclipse-workspace/libopencm3/lib/libopencm3_stm32f1.a(pwr_common_v1.o)
                0x00000000080007e8                pwr_disable_backup_domain_write_protect
 .text.pwr_enable_backup_domain_write_protect
                0x00000000080007f8       0x10 /home/jdr/eclipse-workspace/libopencm3/lib/libopencm3_stm32f1.a(pwr_common_v1.o)
                0x00000000080007f8                pwr_enable_backup_domain_write_protect
 .text.usart_set_baudrate
                0x0000000008000808       0x28 /home/jdr/eclipse-workspace/libopencm3/lib/libopencm3_stm32f1.a(usart_common_all.o)
                0x0000000008000808                usart_set_baudrate
 .text.usart_set_databits
                0x0000000008000830       0x12 /home/jdr/eclipse-workspace/libopencm3/lib/libopencm3_stm32f1.a(usart_common_all.o)
                0x0000000008000830                usart_set_databits
 .text.usart_set_stopbits
                0x0000000008000842        0xc /home/jdr/eclipse-workspace/libopencm3/lib/libopencm3_stm32f1.a(usart_common_all.o)
                0x0000000008000842                usart_set_stopbits
 .text.usart_set_parity
                0x000000000800084e        0xc /home/jdr/eclipse-workspace/libopencm3/lib/libopencm3_stm32f1.a(usart_common_all.o)
                0x000000000800084e                usart_set_parity
 .text.usart_set_mode
                0x000000000800085a        0xc /home/jdr/eclipse-workspace/libopencm3/lib/libopencm3_stm32f1.a(usart_common_all.o)
                0x000000000800085a                usart_set_mode
 .text.usart_set_flow_control
                0x0000000008000866        0xc /home/jdr/eclipse-workspace/libopencm3/lib/libopencm3_stm32f1.a(usart_common_all.o)
                0x0000000008000866                usart_set_flow_control
 .text.usart_enable
                0x0000000008000872        0xa /home/jdr/eclipse-workspace/libopencm3/lib/libopencm3_stm32f1.a(usart_common_all.o)
                0x0000000008000872                usart_enable
 .text.usart_send_blocking
                0x000000000800087c       0x16 /home/jdr/eclipse-workspace/libopencm3/lib/libopencm3_stm32f1.a(usart_common_all.o)
                0x000000000800087c                usart_send_blocking
 .text.usart_recv_blocking
                0x0000000008000892       0x12 /home/jdr/eclipse-workspace/libopencm3/lib/libopencm3_stm32f1.a(usart_common_all.o)
                0x0000000008000892                usart_recv_blocking
 .text.usart_send
                0x00000000080008a4        0x8 /home/jdr/eclipse-workspace/libopencm3/lib/libopencm3_stm32f1.a(usart_common_f124.o)
                0x00000000080008a4                usart_send
 .text.usart_recv
                0x00000000080008ac        0x8 /home/jdr/eclipse-workspace/libopencm3/lib/libopencm3_stm32f1.a(usart_common_f124.o)
                0x00000000080008ac                usart_recv
 .text.usart_wait_send_ready
                0x00000000080008b4        0x8 /home/jdr/eclipse-workspace/libopencm3/lib/libopencm3_stm32f1.a(usart_common_f124.o)
                0x00000000080008b4                usart_wait_send_ready
 .text.usart_wait_recv_ready
                0x00000000080008bc        0x8 /home/jdr/eclipse-workspace/libopencm3/lib/libopencm3_stm32f1.a(usart_common_f124.o)
                0x00000000080008bc                usart_wait_recv_ready
 .text.rcc_periph_clock_enable
                0x00000000080008c4       0x1a /home/jdr/eclipse-workspace/libopencm3/lib/libopencm3_stm32f1.a(rcc_common_all.o)
                0x00000000080008c4                rcc_periph_clock_enable
 *fill*         0x00000000080008de        0x2 
 .text.flash_set_ws
                0x00000000080008e0       0x14 /home/jdr/eclipse-workspace/libopencm3/lib/libopencm3_stm32f1.a(flash_common_all.o)
                0x00000000080008e0                flash_set_ws
 .text.blocking_handler
                0x00000000080008f4        0x2 /home/jdr/eclipse-workspace/libopencm3/lib/libopencm3_stm32f1.a(vector.o)
                0x00000000080008f4                usart3_isr
                0x00000000080008f4                rtc_isr
                0x00000000080008f4                tim7_isr
                0x00000000080008f4                adc1_2_isr
                0x00000000080008f4                tim1_trg_com_isr
                0x00000000080008f4                usb_hp_can_tx_isr
                0x00000000080008f4                tim6_isr
                0x00000000080008f4                usb_wakeup_isr
                0x00000000080008f4                blocking_handler
                0x00000000080008f4                tim5_isr
                0x00000000080008f4                otg_fs_isr
                0x00000000080008f4                spi1_isr
                0x00000000080008f4                exti2_isr
                0x00000000080008f4                dma1_channel6_isr
                0x00000000080008f4                can_rx1_isr
                0x00000000080008f4                dma1_channel5_isr
                0x00000000080008f4                dma2_channel5_isr
                0x00000000080008f4                usart1_isr
                0x00000000080008f4                usage_fault_handler
                0x00000000080008f4                tim8_trg_com_isr
                0x00000000080008f4                can2_rx0_isr
                0x00000000080008f4                tim1_brk_isr
                0x00000000080008f4                can2_rx1_isr
                0x00000000080008f4                tim1_cc_isr
                0x00000000080008f4                sdio_isr
                0x00000000080008f4                eth_isr
                0x00000000080008f4                dma1_channel4_isr
                0x00000000080008f4                tim8_brk_isr
                0x00000000080008f4                dma2_channel4_5_isr
                0x00000000080008f4                pvd_isr
                0x00000000080008f4                rcc_isr
                0x00000000080008f4                flash_isr
                0x00000000080008f4                uart4_isr
                0x00000000080008f4                rtc_alarm_isr
                0x00000000080008f4                exti15_10_isr
                0x00000000080008f4                hard_fault_handler
                0x00000000080008f4                exti1_isr
                0x00000000080008f4                i2c1_ev_isr
                0x00000000080008f4                dma2_channel1_isr
                0x00000000080008f4                spi2_isr
                0x00000000080008f4                tim8_up_isr
                0x00000000080008f4                dma2_channel2_isr
                0x00000000080008f4                exti3_isr
                0x00000000080008f4                adc3_isr
                0x00000000080008f4                tim3_isr
                0x00000000080008f4                usart2_isr
                0x00000000080008f4                usb_lp_can_rx0_isr
                0x00000000080008f4                i2c2_er_isr
                0x00000000080008f4                i2c2_ev_isr
                0x00000000080008f4                uart5_isr
                0x00000000080008f4                fsmc_isr
                0x00000000080008f4                dma1_channel1_isr
                0x00000000080008f4                exti4_isr
                0x00000000080008f4                mem_manage_handler
                0x00000000080008f4                can2_tx_isr
                0x00000000080008f4                exti9_5_isr
                0x00000000080008f4                dma2_channel3_isr
                0x00000000080008f4                dma1_channel7_isr
                0x00000000080008f4                tim1_up_isr
                0x00000000080008f4                can2_sce_isr
                0x00000000080008f4                tim4_isr
                0x00000000080008f4                dma1_channel2_isr
                0x00000000080008f4                i2c1_er_isr
                0x00000000080008f4                can_sce_isr
                0x00000000080008f4                tim8_cc_isr
                0x00000000080008f4                tamper_isr
                0x00000000080008f4                eth_wkup_isr
                0x00000000080008f4                bus_fault_handler
                0x00000000080008f4                wwdg_isr
                0x00000000080008f4                dma1_channel3_isr
                0x00000000080008f4                spi3_isr
                0x00000000080008f4                tim2_isr
                0x00000000080008f4                exti0_isr
 .text.null_handler
                0x00000000080008f6        0x2 /home/jdr/eclipse-workspace/libopencm3/lib/libopencm3_stm32f1.a(vector.o)
                0x00000000080008f6                null_handler
                0x00000000080008f6                sv_call_handler
                0x00000000080008f6                pend_sv_handler
                0x00000000080008f6                debug_monitor_handler
                0x00000000080008f6                sys_tick_handler
                0x00000000080008f6                nmi_handler
 .text.reset_handler
                0x00000000080008f8       0x90 /home/jdr/eclipse-workspace/libopencm3/lib/libopencm3_stm32f1.a(vector.o)
                0x00000000080008f8                reset_handler
 .text.printf   0x0000000008000988       0x30 /usr/lib/gcc/arm-none-eabi/8.2.0/../../../../arm-none-eabi/lib/thumb/v7-m/nofp/libg_nano.a(lib_a-printf.o)
                0x0000000008000988                printf
                0x0000000008000988                iprintf
 .text.rand     0x00000000080009b8       0x68 /usr/lib/gcc/arm-none-eabi/8.2.0/../../../../arm-none-eabi/lib/thumb/v7-m/nofp/libg_nano.a(lib_a-rand.o)
                0x00000000080009b8                rand
 .text.std      0x0000000008000a20       0x48 /usr/lib/gcc/arm-none-eabi/8.2.0/../../../../arm-none-eabi/lib/thumb/v7-m/nofp/libg_nano.a(lib_a-findfp.o)
 .text._cleanup_r
                0x0000000008000a68        0xc /usr/lib/gcc/arm-none-eabi/8.2.0/../../../../arm-none-eabi/lib/thumb/v7-m/nofp/libg_nano.a(lib_a-findfp.o)
                0x0000000008000a68                _cleanup_r
 .text.__sfmoreglue
                0x0000000008000a74       0x2c /usr/lib/gcc/arm-none-eabi/8.2.0/../../../../arm-none-eabi/lib/thumb/v7-m/nofp/libg_nano.a(lib_a-findfp.o)
                0x0000000008000a74                __sfmoreglue
 .text.__sinit  0x0000000008000aa0       0x60 /usr/lib/gcc/arm-none-eabi/8.2.0/../../../../arm-none-eabi/lib/thumb/v7-m/nofp/libg_nano.a(lib_a-findfp.o)
                0x0000000008000aa0                __sinit
 .text.__sfp    0x0000000008000b00       0x78 /usr/lib/gcc/arm-none-eabi/8.2.0/../../../../arm-none-eabi/lib/thumb/v7-m/nofp/libg_nano.a(lib_a-findfp.o)
                0x0000000008000b00                __sfp
 .text._fwalk_reent
                0x0000000008000b78       0x3c /usr/lib/gcc/arm-none-eabi/8.2.0/../../../../arm-none-eabi/lib/thumb/v7-m/nofp/libg_nano.a(lib_a-fwalk.o)
                0x0000000008000b78                _fwalk_reent
 .text.malloc   0x0000000008000bb4       0x10 /usr/lib/gcc/arm-none-eabi/8.2.0/../../../../arm-none-eabi/lib/thumb/v7-m/nofp/libg_nano.a(lib_a-malloc.o)
                0x0000000008000bb4                malloc
 .text.memset   0x0000000008000bc4       0x10 /usr/lib/gcc/arm-none-eabi/8.2.0/../../../../arm-none-eabi/lib/thumb/v7-m/nofp/libg_nano.a(lib_a-memset.o)
                0x0000000008000bc4                memset
 .text._free_r  0x0000000008000bd4       0x98 /usr/lib/gcc/arm-none-eabi/8.2.0/../../../../arm-none-eabi/lib/thumb/v7-m/nofp/libg_nano.a(lib_a-nano-freer.o)
                0x0000000008000bd4                _free_r
 .text._malloc_r
                0x0000000008000c6c       0xb4 /usr/lib/gcc/arm-none-eabi/8.2.0/../../../../arm-none-eabi/lib/thumb/v7-m/nofp/libg_nano.a(lib_a-nano-mallocr.o)
                0x0000000008000c6c                _malloc_r
 .text.__sfputc_r
                0x0000000008000d20       0x2a /usr/lib/gcc/arm-none-eabi/8.2.0/../../../../arm-none-eabi/lib/thumb/v7-m/nofp/libg_nano.a(lib_a-nano-vfprintf.o)
 .text.__sfputs_r
                0x0000000008000d4a       0x24 /usr/lib/gcc/arm-none-eabi/8.2.0/../../../../arm-none-eabi/lib/thumb/v7-m/nofp/libg_nano.a(lib_a-nano-vfprintf.o)
                0x0000000008000d4a                __sfputs_r
 *fill*         0x0000000008000d6e        0x2 
 .text._vfprintf_r
                0x0000000008000d70      0x218 /usr/lib/gcc/arm-none-eabi/8.2.0/../../../../arm-none-eabi/lib/thumb/v7-m/nofp/libg_nano.a(lib_a-nano-vfprintf.o)
                0x0000000008000d70                _vfiprintf_r
                0x0000000008000d70                _vfprintf_r
 .text._sbrk_r  0x0000000008000f88       0x20 /usr/lib/gcc/arm-none-eabi/8.2.0/../../../../arm-none-eabi/lib/thumb/v7-m/nofp/libg_nano.a(lib_a-sbrkr.o)
                0x0000000008000f88                _sbrk_r
 .text.__sread  0x0000000008000fa8       0x22 /usr/lib/gcc/arm-none-eabi/8.2.0/../../../../arm-none-eabi/lib/thumb/v7-m/nofp/libg_nano.a(lib_a-stdio.o)
                0x0000000008000fa8                __sread
 .text.__swrite
                0x0000000008000fca       0x38 /usr/lib/gcc/arm-none-eabi/8.2.0/../../../../arm-none-eabi/lib/thumb/v7-m/nofp/libg_nano.a(lib_a-stdio.o)
                0x0000000008000fca                __swrite
 .text.__sseek  0x0000000008001002       0x24 /usr/lib/gcc/arm-none-eabi/8.2.0/../../../../arm-none-eabi/lib/thumb/v7-m/nofp/libg_nano.a(lib_a-stdio.o)
                0x0000000008001002                __sseek
 .text.__sclose
                0x0000000008001026        0x8 /usr/lib/gcc/arm-none-eabi/8.2.0/../../../../arm-none-eabi/lib/thumb/v7-m/nofp/libg_nano.a(lib_a-stdio.o)
                0x0000000008001026                __sclose
 *fill*         0x000000000800102e        0x2 
 .text.__swbuf_r
                0x0000000008001030       0xa4 /usr/lib/gcc/arm-none-eabi/8.2.0/../../../../arm-none-eabi/lib/thumb/v7-m/nofp/libg_nano.a(lib_a-wbuf.o)
                0x0000000008001030                __swbuf_r
 .text._write_r
                0x00000000080010d4       0x24 /usr/lib/gcc/arm-none-eabi/8.2.0/../../../../arm-none-eabi/lib/thumb/v7-m/nofp/libg_nano.a(lib_a-writer.o)
                0x00000000080010d4                _write_r
 .text.__swsetup_r
                0x00000000080010f8       0xdc /usr/lib/gcc/arm-none-eabi/8.2.0/../../../../arm-none-eabi/lib/thumb/v7-m/nofp/libg_nano.a(lib_a-wsetup.o)
                0x00000000080010f8                __swsetup_r
 .text._close_r
                0x00000000080011d4       0x20 /usr/lib/gcc/arm-none-eabi/8.2.0/../../../../arm-none-eabi/lib/thumb/v7-m/nofp/libg_nano.a(lib_a-closer.o)
                0x00000000080011d4                _close_r
 .text.__sflush_r
                0x00000000080011f4      0x10c /usr/lib/gcc/arm-none-eabi/8.2.0/../../../../arm-none-eabi/lib/thumb/v7-m/nofp/libg_nano.a(lib_a-fflush.o)
                0x00000000080011f4                __sflush_r
 .text._fflush_r
                0x0000000008001300       0x54 /usr/lib/gcc/arm-none-eabi/8.2.0/../../../../arm-none-eabi/lib/thumb/v7-m/nofp/libg_nano.a(lib_a-fflush.o)
                0x0000000008001300                _fflush_r
 .text._lseek_r
                0x0000000008001354       0x24 /usr/lib/gcc/arm-none-eabi/8.2.0/../../../../arm-none-eabi/lib/thumb/v7-m/nofp/libg_nano.a(lib_a-lseekr.o)
                0x0000000008001354                _lseek_r
 .text.__swhatbuf_r
                0x0000000008001378       0x48 /usr/lib/gcc/arm-none-eabi/8.2.0/../../../../arm-none-eabi/lib/thumb/v7-m/nofp/libg_nano.a(lib_a-makebuf.o)
                0x0000000008001378                __swhatbuf_r
 .text.__smakebuf_r
                0x00000000080013c0       0x80 /usr/lib/gcc/arm-none-eabi/8.2.0/../../../../arm-none-eabi/lib/thumb/v7-m/nofp/libg_nano.a(lib_a-makebuf.o)
                0x00000000080013c0                __smakebuf_r
 .text.memchr   0x0000000008001440       0x1c /usr/lib/gcc/arm-none-eabi/8.2.0/../../../../arm-none-eabi/lib/thumb/v7-m/nofp/libg_nano.a(lib_a-memchr-stub.o)
                0x0000000008001440                memchr
 .text.__malloc_lock
                0x000000000800145c        0x2 /usr/lib/gcc/arm-none-eabi/8.2.0/../../../../arm-none-eabi/lib/thumb/v7-m/nofp/libg_nano.a(lib_a-mlock.o)
                0x000000000800145c                __malloc_lock
 .text.__malloc_unlock
                0x000000000800145e        0x2 /usr/lib/gcc/arm-none-eabi/8.2.0/../../../../arm-none-eabi/lib/thumb/v7-m/nofp/libg_nano.a(lib_a-mlock.o)
                0x000000000800145e                __malloc_unlock
 .text._printf_common
                0x0000000008001460       0xec /usr/lib/gcc/arm-none-eabi/8.2.0/../../../../arm-none-eabi/lib/thumb/v7-m/nofp/libg_nano.a(lib_a-nano-vfprintf_i.o)
                0x0000000008001460                _printf_common
 .text._printf_i
                0x000000000800154c      0x22c /usr/lib/gcc/arm-none-eabi/8.2.0/../../../../arm-none-eabi/lib/thumb/v7-m/nofp/libg_nano.a(lib_a-nano-vfprintf_i.o)
                0x000000000800154c                _printf_i
 .text._read_r  0x0000000008001778       0x24 /usr/lib/gcc/arm-none-eabi/8.2.0/../../../../arm-none-eabi/lib/thumb/v7-m/nofp/libg_nano.a(lib_a-readr.o)
                0x0000000008001778                _read_r
 .text._fstat_r
                0x000000000800179c       0x24 /usr/lib/gcc/arm-none-eabi/8.2.0/../../../../arm-none-eabi/lib/thumb/v7-m/nofp/libg_nano.a(lib_a-fstatr.o)
                0x000000000800179c                _fstat_r
 .text._isatty_r
                0x00000000080017c0       0x20 /usr/lib/gcc/arm-none-eabi/8.2.0/../../../../arm-none-eabi/lib/thumb/v7-m/nofp/libg_nano.a(lib_a-isattyr.o)
                0x00000000080017c0                _isatty_r
 .text._close   0x00000000080017e0       0x10 /usr/lib/gcc/arm-none-eabi/8.2.0/../../../../arm-none-eabi/lib/thumb/v7-m/nofp/libnosys.a(close.o)
                0x00000000080017e0                _close
 .text._fstat   0x00000000080017f0       0x10 /usr/lib/gcc/arm-none-eabi/8.2.0/../../../../arm-none-eabi/lib/thumb/v7-m/nofp/libnosys.a(fstat.o)
                0x00000000080017f0                _fstat
 .text._isatty  0x0000000008001800       0x10 /usr/lib/gcc/arm-none-eabi/8.2.0/../../../../arm-none-eabi/lib/thumb/v7-m/nofp/libnosys.a(isatty.o)
                0x0000000008001800                _isatty
 .text._lseek   0x0000000008001810       0x10 /usr/lib/gcc/arm-none-eabi/8.2.0/../../../../arm-none-eabi/lib/thumb/v7-m/nofp/libnosys.a(lseek.o)
                0x0000000008001810                _lseek
 .text._sbrk    0x0000000008001820       0x1c /usr/lib/gcc/arm-none-eabi/8.2.0/../../../../arm-none-eabi/lib/thumb/v7-m/nofp/libnosys.a(sbrk.o)
                0x0000000008001820                _sbrk
                0x000000000800183c                . = ALIGN (0x4)
 *(.rodata*)
 .rodata.clock_get_time_ui.str1.4
                0x000000000800183c       0x15 ./src/clock.o
 *fill*         0x0000000008001851        0x3 
 .rodata.state_update.str1.4
                0x0000000008001854       0x14 ./src/relays.o
                                         0x11 (size before relaxing)
 .rodata.__sf_fake_stderr
                0x0000000008001868       0x20 /usr/lib/gcc/arm-none-eabi/8.2.0/../../../../arm-none-eabi/lib/thumb/v7-m/nofp/libg_nano.a(lib_a-findfp.o)
                0x0000000008001868                __sf_fake_stderr
 .rodata.__sf_fake_stdin
                0x0000000008001888       0x20 /usr/lib/gcc/arm-none-eabi/8.2.0/../../../../arm-none-eabi/lib/thumb/v7-m/nofp/libg_nano.a(lib_a-findfp.o)
                0x0000000008001888                __sf_fake_stdin
 .rodata.__sf_fake_stdout
                0x00000000080018a8       0x20 /usr/lib/gcc/arm-none-eabi/8.2.0/../../../../arm-none-eabi/lib/thumb/v7-m/nofp/libg_nano.a(lib_a-findfp.o)
                0x00000000080018a8                __sf_fake_stdout
 .rodata._global_impure_ptr
                0x00000000080018c8        0x4 /usr/lib/gcc/arm-none-eabi/8.2.0/../../../../arm-none-eabi/lib/thumb/v7-m/nofp/libg_nano.a(lib_a-impure.o)
                0x00000000080018c8                _global_impure_ptr
 .rodata._vfprintf_r.str1.1
                0x00000000080018cc       0x11 /usr/lib/gcc/arm-none-eabi/8.2.0/../../../../arm-none-eabi/lib/thumb/v7-m/nofp/libg_nano.a(lib_a-nano-vfprintf.o)
 .rodata._printf_i.str1.1
                0x00000000080018dd       0x22 /usr/lib/gcc/arm-none-eabi/8.2.0/../../../../arm-none-eabi/lib/thumb/v7-m/nofp/libg_nano.a(lib_a-nano-vfprintf_i.o)
                0x0000000008001900                . = ALIGN (0x4)
 *fill*         0x00000000080018ff        0x1 

.glue_7         0x0000000008001900        0x0
 .glue_7        0x0000000008001900        0x0 linker stubs

.glue_7t        0x0000000008001900        0x0
 .glue_7t       0x0000000008001900        0x0 linker stubs

.vfp11_veneer   0x0000000008001900        0x0
 .vfp11_veneer  0x0000000008001900        0x0 linker stubs

.v4_bx          0x0000000008001900        0x0
 .v4_bx         0x0000000008001900        0x0 linker stubs

.iplt           0x0000000008001900        0x0
 .iplt          0x0000000008001900        0x0 ./src/_write.o

.rel.dyn        0x0000000008001900        0x0
 .rel.iplt      0x0000000008001900        0x0 ./src/_write.o

.preinit_array  0x0000000008001900        0x0
                0x0000000008001900                . = ALIGN (0x4)
                0x0000000008001900                __preinit_array_start = .
 *(.preinit_array)
                0x0000000008001900                __preinit_array_end = .

.init_array     0x0000000008001900        0x0
                0x0000000008001900                . = ALIGN (0x4)
                0x0000000008001900                __init_array_start = .
 *(SORT_BY_NAME(.init_array.*))
 *(.init_array)
                0x0000000008001900                __init_array_end = .

.fini_array     0x0000000008001900        0x0
                0x0000000008001900                . = ALIGN (0x4)
                0x0000000008001900                __fini_array_start = .
 *(.fini_array)
 *(SORT_BY_NAME(.fini_array.*))
                0x0000000008001900                __fini_array_end = .

.ARM.extab
 *(.ARM.extab*)

.ARM.exidx      0x0000000008001900        0x0
                0x0000000008001900                __exidx_start = .
 *(.ARM.exidx*)
                0x0000000008001900                __exidx_end = .
                0x0000000008001900                . = ALIGN (0x4)
                0x0000000008001900                _etext = .

.data           0x0000000020000000       0x70 load address 0x0000000008001900
                0x0000000020000000                _data = .
 *(.data*)
 .data.rcc_ahb_frequency
                0x0000000020000000        0x4 /home/jdr/eclipse-workspace/libopencm3/lib/libopencm3_stm32f1.a(rcc.o)
                0x0000000020000000                rcc_ahb_frequency
 .data.rcc_apb1_frequency
                0x0000000020000004        0x4 /home/jdr/eclipse-workspace/libopencm3/lib/libopencm3_stm32f1.a(rcc.o)
                0x0000000020000004                rcc_apb1_frequency
 .data.rcc_apb2_frequency
                0x0000000020000008        0x4 /home/jdr/eclipse-workspace/libopencm3/lib/libopencm3_stm32f1.a(rcc.o)
                0x0000000020000008                rcc_apb2_frequency
 .data._impure_ptr
                0x000000002000000c        0x4 /usr/lib/gcc/arm-none-eabi/8.2.0/../../../../arm-none-eabi/lib/thumb/v7-m/nofp/libg_nano.a(lib_a-impure.o)
                0x000000002000000c                _impure_ptr
 .data.impure_data
                0x0000000020000010       0x60 /usr/lib/gcc/arm-none-eabi/8.2.0/../../../../arm-none-eabi/lib/thumb/v7-m/nofp/libg_nano.a(lib_a-impure.o)
                0x0000000020000070                . = ALIGN (0x4)
                0x0000000020000070                _edata = .
                0x0000000008001900                _data_loadaddr = LOADADDR (.data)

.igot.plt       0x0000000020000070        0x0 load address 0x0000000008001970
 .igot.plt      0x0000000020000070        0x0 ./src/_write.o

.bss            0x0000000020000070       0x18 load address 0x0000000008001970
 *(.bss*)
 .bss.next_update_time
                0x0000000020000070        0x4 ./src/relays.o
 .bss.state     0x0000000020000074        0x1 ./src/relays.o
 *fill*         0x0000000020000075        0x3 
 .bss.__malloc_free_list
                0x0000000020000078        0x4 /usr/lib/gcc/arm-none-eabi/8.2.0/../../../../arm-none-eabi/lib/thumb/v7-m/nofp/libg_nano.a(lib_a-nano-mallocr.o)
                0x0000000020000078                __malloc_free_list
 .bss.__malloc_sbrk_start
                0x000000002000007c        0x4 /usr/lib/gcc/arm-none-eabi/8.2.0/../../../../arm-none-eabi/lib/thumb/v7-m/nofp/libg_nano.a(lib_a-nano-mallocr.o)
                0x000000002000007c                __malloc_sbrk_start
 .bss.heap_end.4194
                0x0000000020000080        0x4 /usr/lib/gcc/arm-none-eabi/8.2.0/../../../../arm-none-eabi/lib/thumb/v7-m/nofp/libnosys.a(sbrk.o)
 *(COMMON)
 COMMON         0x0000000020000084        0x4 /usr/lib/gcc/arm-none-eabi/8.2.0/../../../../arm-none-eabi/lib/thumb/v7-m/nofp/libg_nano.a(lib_a-reent.o)
                0x0000000020000084                errno
                0x0000000020000088                . = ALIGN (0x4)
                0x0000000020000088                _ebss = .

/DISCARD/
 *(.eh_frame)
                0x0000000020000088                . = ALIGN (0x4)
                0x0000000020000088                end = .
                0x0000000020005000                PROVIDE (_stack = (ORIGIN (ram) + LENGTH (ram)))
OUTPUT(CountryHouseLights.elf elf32-littlearm)

.debug_info     0x0000000000000000     0x68cb
 .debug_info    0x0000000000000000      0xa2f ./src/_write.o
 .debug_info    0x0000000000000a2f      0xede ./src/clock.o
 .debug_info    0x000000000000190d      0xc10 ./src/main.o
 .debug_info    0x000000000000251d      0xd94 ./src/relays.o
 .debug_info    0x00000000000032b1      0x502 ./src/usart_comm.o
 .debug_info    0x00000000000037b3      0x216 /home/jdr/eclipse-workspace/libopencm3/lib/libopencm3_stm32f1.a(gpio.o)
 .debug_info    0x00000000000039c9     0x125f /home/jdr/eclipse-workspace/libopencm3/lib/libopencm3_stm32f1.a(rcc.o)
 .debug_info    0x0000000000004c28      0x73c /home/jdr/eclipse-workspace/libopencm3/lib/libopencm3_stm32f1.a(rtc.o)
 .debug_info    0x0000000000005364      0x266 /home/jdr/eclipse-workspace/libopencm3/lib/libopencm3_stm32f1.a(gpio_common_all.o)
 .debug_info    0x00000000000055ca      0x1c2 /home/jdr/eclipse-workspace/libopencm3/lib/libopencm3_stm32f1.a(pwr_common_v1.o)
 .debug_info    0x000000000000578c      0x52d /home/jdr/eclipse-workspace/libopencm3/lib/libopencm3_stm32f1.a(usart_common_all.o)
 .debug_info    0x0000000000005cb9      0x1c5 /home/jdr/eclipse-workspace/libopencm3/lib/libopencm3_stm32f1.a(usart_common_f124.o)
 .debug_info    0x0000000000005e7e      0x639 /home/jdr/eclipse-workspace/libopencm3/lib/libopencm3_stm32f1.a(rcc_common_all.o)
 .debug_info    0x00000000000064b7       0xfc /home/jdr/eclipse-workspace/libopencm3/lib/libopencm3_stm32f1.a(flash_common_all.o)
 .debug_info    0x00000000000065b3      0x318 /home/jdr/eclipse-workspace/libopencm3/lib/libopencm3_stm32f1.a(vector.o)

.debug_abbrev   0x0000000000000000     0x17b0
 .debug_abbrev  0x0000000000000000      0x22d ./src/_write.o
 .debug_abbrev  0x000000000000022d      0x2db ./src/clock.o
 .debug_abbrev  0x0000000000000508      0x250 ./src/main.o
 .debug_abbrev  0x0000000000000758      0x2b7 ./src/relays.o
 .debug_abbrev  0x0000000000000a0f      0x144 ./src/usart_comm.o
 .debug_abbrev  0x0000000000000b53       0xd0 /home/jdr/eclipse-workspace/libopencm3/lib/libopencm3_stm32f1.a(gpio.o)
 .debug_abbrev  0x0000000000000c23      0x2ce /home/jdr/eclipse-workspace/libopencm3/lib/libopencm3_stm32f1.a(rcc.o)
 .debug_abbrev  0x0000000000000ef1      0x1c2 /home/jdr/eclipse-workspace/libopencm3/lib/libopencm3_stm32f1.a(rtc.o)
 .debug_abbrev  0x00000000000010b3      0x116 /home/jdr/eclipse-workspace/libopencm3/lib/libopencm3_stm32f1.a(gpio_common_all.o)
 .debug_abbrev  0x00000000000011c9       0xa2 /home/jdr/eclipse-workspace/libopencm3/lib/libopencm3_stm32f1.a(pwr_common_v1.o)
 .debug_abbrev  0x000000000000126b      0x129 /home/jdr/eclipse-workspace/libopencm3/lib/libopencm3_stm32f1.a(usart_common_all.o)
 .debug_abbrev  0x0000000000001394       0xc8 /home/jdr/eclipse-workspace/libopencm3/lib/libopencm3_stm32f1.a(usart_common_f124.o)
 .debug_abbrev  0x000000000000145c      0x158 /home/jdr/eclipse-workspace/libopencm3/lib/libopencm3_stm32f1.a(rcc_common_all.o)
 .debug_abbrev  0x00000000000015b4       0x9a /home/jdr/eclipse-workspace/libopencm3/lib/libopencm3_stm32f1.a(flash_common_all.o)
 .debug_abbrev  0x000000000000164e      0x162 /home/jdr/eclipse-workspace/libopencm3/lib/libopencm3_stm32f1.a(vector.o)

.debug_loc      0x0000000000000000     0x120b
 .debug_loc     0x0000000000000000       0xf8 ./src/_write.o
 .debug_loc     0x00000000000000f8       0x47 ./src/clock.o
 .debug_loc     0x000000000000013f       0x31 ./src/main.o
 .debug_loc     0x0000000000000170       0xa4 ./src/relays.o
 .debug_loc     0x0000000000000214       0xf5 ./src/usart_comm.o
 .debug_loc     0x0000000000000309      0x170 /home/jdr/eclipse-workspace/libopencm3/lib/libopencm3_stm32f1.a(gpio.o)
 .debug_loc     0x0000000000000479      0x558 /home/jdr/eclipse-workspace/libopencm3/lib/libopencm3_stm32f1.a(rcc.o)
 .debug_loc     0x00000000000009d1      0x25a /home/jdr/eclipse-workspace/libopencm3/lib/libopencm3_stm32f1.a(rtc.o)
 .debug_loc     0x0000000000000c2b       0xbe /home/jdr/eclipse-workspace/libopencm3/lib/libopencm3_stm32f1.a(gpio_common_all.o)
 .debug_loc     0x0000000000000ce9       0x25 /home/jdr/eclipse-workspace/libopencm3/lib/libopencm3_stm32f1.a(pwr_common_v1.o)
 .debug_loc     0x0000000000000d0e      0x1e1 /home/jdr/eclipse-workspace/libopencm3/lib/libopencm3_stm32f1.a(usart_common_all.o)
 .debug_loc     0x0000000000000eef       0x99 /home/jdr/eclipse-workspace/libopencm3/lib/libopencm3_stm32f1.a(usart_common_f124.o)
 .debug_loc     0x0000000000000f88      0x128 /home/jdr/eclipse-workspace/libopencm3/lib/libopencm3_stm32f1.a(rcc_common_all.o)
 .debug_loc     0x00000000000010b0       0x47 /home/jdr/eclipse-workspace/libopencm3/lib/libopencm3_stm32f1.a(flash_common_all.o)
 .debug_loc     0x00000000000010f7      0x114 /home/jdr/eclipse-workspace/libopencm3/lib/libopencm3_stm32f1.a(vector.o)

.debug_aranges  0x0000000000000000      0x5c8
 .debug_aranges
                0x0000000000000000       0x28 ./src/_write.o
 .debug_aranges
                0x0000000000000028       0x40 ./src/clock.o
 .debug_aranges
                0x0000000000000068       0x20 ./src/main.o
 .debug_aranges
                0x0000000000000088       0x38 ./src/relays.o
 .debug_aranges
                0x00000000000000c0       0x30 ./src/usart_comm.o
 .debug_aranges
                0x00000000000000f0       0x38 /home/jdr/eclipse-workspace/libopencm3/lib/libopencm3_stm32f1.a(gpio.o)
 .debug_aranges
                0x0000000000000128      0x158 /home/jdr/eclipse-workspace/libopencm3/lib/libopencm3_stm32f1.a(rcc.o)
 .debug_aranges
                0x0000000000000280       0xa0 /home/jdr/eclipse-workspace/libopencm3/lib/libopencm3_stm32f1.a(rtc.o)
 .debug_aranges
                0x0000000000000320       0x50 /home/jdr/eclipse-workspace/libopencm3/lib/libopencm3_stm32f1.a(gpio_common_all.o)
 .debug_aranges
                0x0000000000000370       0x90 /home/jdr/eclipse-workspace/libopencm3/lib/libopencm3_stm32f1.a(pwr_common_v1.o)
 .debug_aranges
                0x0000000000000400       0xb8 /home/jdr/eclipse-workspace/libopencm3/lib/libopencm3_stm32f1.a(usart_common_all.o)
 .debug_aranges
                0x00000000000004b8       0x40 /home/jdr/eclipse-workspace/libopencm3/lib/libopencm3_stm32f1.a(usart_common_f124.o)
 .debug_aranges
                0x00000000000004f8       0x68 /home/jdr/eclipse-workspace/libopencm3/lib/libopencm3_stm32f1.a(rcc_common_all.o)
 .debug_aranges
                0x0000000000000560       0x38 /home/jdr/eclipse-workspace/libopencm3/lib/libopencm3_stm32f1.a(flash_common_all.o)
 .debug_aranges
                0x0000000000000598       0x30 /home/jdr/eclipse-workspace/libopencm3/lib/libopencm3_stm32f1.a(vector.o)

.debug_ranges   0x0000000000000000      0x5b0
 .debug_ranges  0x0000000000000000       0x18 ./src/_write.o
 .debug_ranges  0x0000000000000018       0x30 ./src/clock.o
 .debug_ranges  0x0000000000000048       0x10 ./src/main.o
 .debug_ranges  0x0000000000000058       0x78 ./src/relays.o
 .debug_ranges  0x00000000000000d0       0x20 ./src/usart_comm.o
 .debug_ranges  0x00000000000000f0       0x28 /home/jdr/eclipse-workspace/libopencm3/lib/libopencm3_stm32f1.a(gpio.o)
 .debug_ranges  0x0000000000000118      0x1b8 /home/jdr/eclipse-workspace/libopencm3/lib/libopencm3_stm32f1.a(rcc.o)
 .debug_ranges  0x00000000000002d0       0x90 /home/jdr/eclipse-workspace/libopencm3/lib/libopencm3_stm32f1.a(rtc.o)
 .debug_ranges  0x0000000000000360       0x40 /home/jdr/eclipse-workspace/libopencm3/lib/libopencm3_stm32f1.a(gpio_common_all.o)
 .debug_ranges  0x00000000000003a0       0x80 /home/jdr/eclipse-workspace/libopencm3/lib/libopencm3_stm32f1.a(pwr_common_v1.o)
 .debug_ranges  0x0000000000000420       0xa8 /home/jdr/eclipse-workspace/libopencm3/lib/libopencm3_stm32f1.a(usart_common_all.o)
 .debug_ranges  0x00000000000004c8       0x30 /home/jdr/eclipse-workspace/libopencm3/lib/libopencm3_stm32f1.a(usart_common_f124.o)
 .debug_ranges  0x00000000000004f8       0x58 /home/jdr/eclipse-workspace/libopencm3/lib/libopencm3_stm32f1.a(rcc_common_all.o)
 .debug_ranges  0x0000000000000550       0x28 /home/jdr/eclipse-workspace/libopencm3/lib/libopencm3_stm32f1.a(flash_common_all.o)
 .debug_ranges  0x0000000000000578       0x38 /home/jdr/eclipse-workspace/libopencm3/lib/libopencm3_stm32f1.a(vector.o)

.debug_macro    0x0000000000000000     0x72b2
 .debug_macro   0x0000000000000000       0xc7 ./src/_write.o
 .debug_macro   0x00000000000000c7      0xa7e ./src/_write.o
 .debug_macro   0x0000000000000b45       0x10 ./src/_write.o
 .debug_macro   0x0000000000000b55       0x22 ./src/_write.o
 .debug_macro   0x0000000000000b77       0x4c ./src/_write.o
 .debug_macro   0x0000000000000bc3       0x18 ./src/_write.o
 .debug_macro   0x0000000000000bdb       0x94 ./src/_write.o
 .debug_macro   0x0000000000000c6f       0x35 ./src/_write.o
 .debug_macro   0x0000000000000ca4       0x34 ./src/_write.o
 .debug_macro   0x0000000000000cd8      0x174 ./src/_write.o
 .debug_macro   0x0000000000000e4c       0x57 ./src/_write.o
 .debug_macro   0x0000000000000ea3       0x52 ./src/_write.o
 .debug_macro   0x0000000000000ef5       0x1f ./src/_write.o
 .debug_macro   0x0000000000000f14       0x43 ./src/_write.o
 .debug_macro   0x0000000000000f57       0x20 ./src/_write.o
 .debug_macro   0x0000000000000f77      0x18e ./src/_write.o
 .debug_macro   0x0000000000001105      0x23b ./src/_write.o
 .debug_macro   0x0000000000001340      0x26a ./src/clock.o
 .debug_macro   0x00000000000015aa       0x8e ./src/clock.o
 .debug_macro   0x0000000000001638       0x51 ./src/clock.o
 .debug_macro   0x0000000000001689       0xef ./src/clock.o
 .debug_macro   0x0000000000001778       0x6a ./src/clock.o
 .debug_macro   0x00000000000017e2      0x1df ./src/clock.o
 .debug_macro   0x00000000000019c1       0x52 ./src/clock.o
 .debug_macro   0x0000000000001a13       0x16 ./src/clock.o
 .debug_macro   0x0000000000001a29       0x97 ./src/clock.o
 .debug_macro   0x0000000000001ac0      0x339 ./src/clock.o
 .debug_macro   0x0000000000001df9       0xfd ./src/clock.o
 .debug_macro   0x0000000000001ef6       0x10 ./src/clock.o
 .debug_macro   0x0000000000001f06       0x10 ./src/clock.o
 .debug_macro   0x0000000000001f16       0x1c ./src/clock.o
 .debug_macro   0x0000000000001f32       0x52 ./src/clock.o
 .debug_macro   0x0000000000001f84       0x40 ./src/clock.o
 .debug_macro   0x0000000000001fc4       0x10 ./src/clock.o
 .debug_macro   0x0000000000001fd4       0x40 ./src/clock.o
 .debug_macro   0x0000000000002014       0xd7 ./src/clock.o
 .debug_macro   0x00000000000020eb       0x1c ./src/clock.o
 .debug_macro   0x0000000000002107       0x3d ./src/clock.o
 .debug_macro   0x0000000000002144       0x16 ./src/clock.o
 .debug_macro   0x000000000000215a      0x16f ./src/clock.o
 .debug_macro   0x00000000000022c9       0x22 ./src/clock.o
 .debug_macro   0x00000000000022eb       0xfa ./src/clock.o
 .debug_macro   0x00000000000023e5       0x58 ./src/clock.o
 .debug_macro   0x000000000000243d      0x1b4 ./src/clock.o
 .debug_macro   0x00000000000025f1       0x8e ./src/clock.o
 .debug_macro   0x000000000000267f      0x82c ./src/clock.o
 .debug_macro   0x0000000000002eab       0x76 ./src/clock.o
 .debug_macro   0x0000000000002f21       0xee ./src/clock.o
 .debug_macro   0x000000000000300f       0x82 ./src/clock.o
 .debug_macro   0x0000000000003091      0x27d ./src/main.o
 .debug_macro   0x000000000000330e       0x16 ./src/main.o
 .debug_macro   0x0000000000003324       0x35 ./src/main.o
 .debug_macro   0x0000000000003359       0x16 ./src/main.o
 .debug_macro   0x000000000000336f       0x29 ./src/main.o
 .debug_macro   0x0000000000003398       0x76 ./src/main.o
 .debug_macro   0x000000000000340e      0xdfd ./src/main.o
 .debug_macro   0x000000000000420b      0xf9b ./src/main.o
 .debug_macro   0x00000000000051a6      0x274 ./src/relays.o
 .debug_macro   0x000000000000541a      0x10e ./src/relays.o
 .debug_macro   0x0000000000005528       0x8d ./src/relays.o
 .debug_macro   0x00000000000055b5       0x1c ./src/relays.o
 .debug_macro   0x00000000000055d1      0x104 ./src/usart_comm.o
 .debug_macro   0x00000000000056d5       0x94 ./src/usart_comm.o
 .debug_macro   0x0000000000005769      0x29e ./src/usart_comm.o
 .debug_macro   0x0000000000005a07       0xb9 /home/jdr/eclipse-workspace/libopencm3/lib/libopencm3_stm32f1.a(gpio.o)
 .debug_macro   0x0000000000005ac0      0xa84 /home/jdr/eclipse-workspace/libopencm3/lib/libopencm3_stm32f1.a(gpio.o)
 .debug_macro   0x0000000000006544       0x56 /home/jdr/eclipse-workspace/libopencm3/lib/libopencm3_stm32f1.a(gpio.o)
 .debug_macro   0x000000000000659a       0xe8 /home/jdr/eclipse-workspace/libopencm3/lib/libopencm3_stm32f1.a(rcc.o)
 .debug_macro   0x0000000000006682       0x16 /home/jdr/eclipse-workspace/libopencm3/lib/libopencm3_stm32f1.a(rcc.o)
 .debug_macro   0x0000000000006698       0xe7 /home/jdr/eclipse-workspace/libopencm3/lib/libopencm3_stm32f1.a(rtc.o)
 .debug_macro   0x000000000000677f       0xb9 /home/jdr/eclipse-workspace/libopencm3/lib/libopencm3_stm32f1.a(gpio_common_all.o)
 .debug_macro   0x0000000000006838       0xb4 /home/jdr/eclipse-workspace/libopencm3/lib/libopencm3_stm32f1.a(pwr_common_v1.o)
 .debug_macro   0x00000000000068ec       0xdb /home/jdr/eclipse-workspace/libopencm3/lib/libopencm3_stm32f1.a(usart_common_all.o)
 .debug_macro   0x00000000000069c7       0xdb /home/jdr/eclipse-workspace/libopencm3/lib/libopencm3_stm32f1.a(usart_common_f124.o)
 .debug_macro   0x0000000000006aa2       0xcf /home/jdr/eclipse-workspace/libopencm3/lib/libopencm3_stm32f1.a(rcc_common_all.o)
 .debug_macro   0x0000000000006b71       0xc1 /home/jdr/eclipse-workspace/libopencm3/lib/libopencm3_stm32f1.a(flash_common_all.o)
 .debug_macro   0x0000000000006c32       0xd0 /home/jdr/eclipse-workspace/libopencm3/lib/libopencm3_stm32f1.a(vector.o)
 .debug_macro   0x0000000000006d02      0x3a4 /home/jdr/eclipse-workspace/libopencm3/lib/libopencm3_stm32f1.a(vector.o)
 .debug_macro   0x00000000000070a6       0x6a /home/jdr/eclipse-workspace/libopencm3/lib/libopencm3_stm32f1.a(vector.o)
 .debug_macro   0x0000000000007110      0x1a2 /home/jdr/eclipse-workspace/libopencm3/lib/libopencm3_stm32f1.a(vector.o)

.debug_line     0x0000000000000000     0x440d
 .debug_line    0x0000000000000000      0x1c4 ./src/_write.o
 .debug_line    0x00000000000001c4      0x552 ./src/clock.o
 .debug_line    0x0000000000000716      0x4ac ./src/main.o
 .debug_line    0x0000000000000bc2      0x557 ./src/relays.o
 .debug_line    0x0000000000001119      0x3d2 ./src/usart_comm.o
 .debug_line    0x00000000000014eb      0x311 /home/jdr/eclipse-workspace/libopencm3/lib/libopencm3_stm32f1.a(gpio.o)
 .debug_line    0x00000000000017fc      0xc3f /home/jdr/eclipse-workspace/libopencm3/lib/libopencm3_stm32f1.a(rcc.o)
 .debug_line    0x000000000000243b      0x683 /home/jdr/eclipse-workspace/libopencm3/lib/libopencm3_stm32f1.a(rtc.o)
 .debug_line    0x0000000000002abe      0x334 /home/jdr/eclipse-workspace/libopencm3/lib/libopencm3_stm32f1.a(gpio_common_all.o)
 .debug_line    0x0000000000002df2      0x3d1 /home/jdr/eclipse-workspace/libopencm3/lib/libopencm3_stm32f1.a(pwr_common_v1.o)
 .debug_line    0x00000000000031c3      0x53b /home/jdr/eclipse-workspace/libopencm3/lib/libopencm3_stm32f1.a(usart_common_all.o)
 .debug_line    0x00000000000036fe      0x31b /home/jdr/eclipse-workspace/libopencm3/lib/libopencm3_stm32f1.a(usart_common_f124.o)
 .debug_line    0x0000000000003a19      0x3b4 /home/jdr/eclipse-workspace/libopencm3/lib/libopencm3_stm32f1.a(rcc_common_all.o)
 .debug_line    0x0000000000003dcd      0x2e5 /home/jdr/eclipse-workspace/libopencm3/lib/libopencm3_stm32f1.a(flash_common_all.o)
 .debug_line    0x00000000000040b2      0x35b /home/jdr/eclipse-workspace/libopencm3/lib/libopencm3_stm32f1.a(vector.o)

.debug_str      0x0000000000000000    0x182a2
 .debug_str     0x0000000000000000     0x4d6d ./src/_write.o
                                       0x4ec2 (size before relaxing)
 .debug_str     0x0000000000004d6d     0x76ab ./src/clock.o
                                       0xc1b6 (size before relaxing)
 .debug_str     0x000000000000c418     0x7979 ./src/main.o
                                      0x12cd7 (size before relaxing)
 .debug_str     0x0000000000013d91       0xd8 ./src/relays.o
                                       0xed2c (size before relaxing)
 .debug_str     0x0000000000013e69     0x108c ./src/usart_comm.o
                                       0xbbe8 (size before relaxing)
 .debug_str     0x0000000000014ef5      0x201 /home/jdr/eclipse-workspace/libopencm3/lib/libopencm3_stm32f1.a(gpio.o)
                                       0x8473 (size before relaxing)
 .debug_str     0x00000000000150f6      0x45a /home/jdr/eclipse-workspace/libopencm3/lib/libopencm3_stm32f1.a(rcc.o)
                                       0x7d7e (size before relaxing)
 .debug_str     0x0000000000015550      0x127 /home/jdr/eclipse-workspace/libopencm3/lib/libopencm3_stm32f1.a(rtc.o)
                                       0x7a29 (size before relaxing)
 .debug_str     0x0000000000015677       0x6f /home/jdr/eclipse-workspace/libopencm3/lib/libopencm3_stm32f1.a(gpio_common_all.o)
                                       0x8467 (size before relaxing)
 .debug_str     0x00000000000156e6      0x169 /home/jdr/eclipse-workspace/libopencm3/lib/libopencm3_stm32f1.a(pwr_common_v1.o)
                                       0x50ac (size before relaxing)
 .debug_str     0x000000000001584f      0x17b /home/jdr/eclipse-workspace/libopencm3/lib/libopencm3_stm32f1.a(usart_common_all.o)
                                       0x8253 (size before relaxing)
 .debug_str     0x00000000000159ca       0x2d /home/jdr/eclipse-workspace/libopencm3/lib/libopencm3_stm32f1.a(usart_common_f124.o)
                                       0x808d (size before relaxing)
 .debug_str     0x00000000000159f7      0x35b /home/jdr/eclipse-workspace/libopencm3/lib/libopencm3_stm32f1.a(rcc_common_all.o)
                                       0x7694 (size before relaxing)
 .debug_str     0x0000000000015d52       0x64 /home/jdr/eclipse-workspace/libopencm3/lib/libopencm3_stm32f1.a(flash_common_all.o)
                                       0x5457 (size before relaxing)
 .debug_str     0x0000000000015db6     0x24ec /home/jdr/eclipse-workspace/libopencm3/lib/libopencm3_stm32f1.a(vector.o)
                                       0x65bb (size before relaxing)

.comment        0x0000000000000000       0x1d
 .comment       0x0000000000000000       0x1d ./src/_write.o
                                         0x1e (size before relaxing)
 .comment       0x000000000000001d       0x1e ./src/clock.o
 .comment       0x000000000000001d       0x1e ./src/main.o
 .comment       0x000000000000001d       0x1e ./src/relays.o
 .comment       0x000000000000001d       0x1e ./src/usart_comm.o
 .comment       0x000000000000001d       0x1e /home/jdr/eclipse-workspace/libopencm3/lib/libopencm3_stm32f1.a(gpio.o)
 .comment       0x000000000000001d       0x1e /home/jdr/eclipse-workspace/libopencm3/lib/libopencm3_stm32f1.a(rcc.o)
 .comment       0x000000000000001d       0x1e /home/jdr/eclipse-workspace/libopencm3/lib/libopencm3_stm32f1.a(rtc.o)
 .comment       0x000000000000001d       0x1e /home/jdr/eclipse-workspace/libopencm3/lib/libopencm3_stm32f1.a(gpio_common_all.o)
 .comment       0x000000000000001d       0x1e /home/jdr/eclipse-workspace/libopencm3/lib/libopencm3_stm32f1.a(pwr_common_v1.o)
 .comment       0x000000000000001d       0x1e /home/jdr/eclipse-workspace/libopencm3/lib/libopencm3_stm32f1.a(usart_common_all.o)
 .comment       0x000000000000001d       0x1e /home/jdr/eclipse-workspace/libopencm3/lib/libopencm3_stm32f1.a(usart_common_f124.o)
 .comment       0x000000000000001d       0x1e /home/jdr/eclipse-workspace/libopencm3/lib/libopencm3_stm32f1.a(rcc_common_all.o)
 .comment       0x000000000000001d       0x1e /home/jdr/eclipse-workspace/libopencm3/lib/libopencm3_stm32f1.a(flash_common_all.o)
 .comment       0x000000000000001d       0x1e /home/jdr/eclipse-workspace/libopencm3/lib/libopencm3_stm32f1.a(vector.o)

.ARM.attributes
                0x0000000000000000       0x2b
 .ARM.attributes
                0x0000000000000000       0x2d ./src/_write.o
 .ARM.attributes
                0x000000000000002d       0x2d ./src/clock.o
 .ARM.attributes
                0x000000000000005a       0x2d ./src/main.o
 .ARM.attributes
                0x0000000000000087       0x2d ./src/relays.o
 .ARM.attributes
                0x00000000000000b4       0x2d ./src/usart_comm.o
 .ARM.attributes
                0x00000000000000e1       0x2d /home/jdr/eclipse-workspace/libopencm3/lib/libopencm3_stm32f1.a(gpio.o)
 .ARM.attributes
                0x000000000000010e       0x2d /home/jdr/eclipse-workspace/libopencm3/lib/libopencm3_stm32f1.a(rcc.o)
 .ARM.attributes
                0x000000000000013b       0x2d /home/jdr/eclipse-workspace/libopencm3/lib/libopencm3_stm32f1.a(rtc.o)
 .ARM.attributes
                0x0000000000000168       0x2d /home/jdr/eclipse-workspace/libopencm3/lib/libopencm3_stm32f1.a(gpio_common_all.o)
 .ARM.attributes
                0x0000000000000195       0x2d /home/jdr/eclipse-workspace/libopencm3/lib/libopencm3_stm32f1.a(pwr_common_v1.o)
 .ARM.attributes
                0x00000000000001c2       0x2d /home/jdr/eclipse-workspace/libopencm3/lib/libopencm3_stm32f1.a(usart_common_all.o)
 .ARM.attributes
                0x00000000000001ef       0x2d /home/jdr/eclipse-workspace/libopencm3/lib/libopencm3_stm32f1.a(usart_common_f124.o)
 .ARM.attributes
                0x000000000000021c       0x2d /home/jdr/eclipse-workspace/libopencm3/lib/libopencm3_stm32f1.a(rcc_common_all.o)
 .ARM.attributes
                0x0000000000000249       0x2d /home/jdr/eclipse-workspace/libopencm3/lib/libopencm3_stm32f1.a(flash_common_all.o)
 .ARM.attributes
                0x0000000000000276       0x2d /home/jdr/eclipse-workspace/libopencm3/lib/libopencm3_stm32f1.a(vector.o)
 .ARM.attributes
                0x00000000000002a3       0x2d /usr/lib/gcc/arm-none-eabi/8.2.0/../../../../arm-none-eabi/lib/thumb/v7-m/nofp/libg_nano.a(lib_a-printf.o)
 .ARM.attributes
                0x00000000000002d0       0x2d /usr/lib/gcc/arm-none-eabi/8.2.0/../../../../arm-none-eabi/lib/thumb/v7-m/nofp/libg_nano.a(lib_a-rand.o)
 .ARM.attributes
                0x00000000000002fd       0x2d /usr/lib/gcc/arm-none-eabi/8.2.0/../../../../arm-none-eabi/lib/thumb/v7-m/nofp/libg_nano.a(lib_a-findfp.o)
 .ARM.attributes
                0x000000000000032a       0x2d /usr/lib/gcc/arm-none-eabi/8.2.0/../../../../arm-none-eabi/lib/thumb/v7-m/nofp/libg_nano.a(lib_a-fwalk.o)
 .ARM.attributes
                0x0000000000000357       0x2d /usr/lib/gcc/arm-none-eabi/8.2.0/../../../../arm-none-eabi/lib/thumb/v7-m/nofp/libg_nano.a(lib_a-impure.o)
 .ARM.attributes
                0x0000000000000384       0x2d /usr/lib/gcc/arm-none-eabi/8.2.0/../../../../arm-none-eabi/lib/thumb/v7-m/nofp/libg_nano.a(lib_a-malloc.o)
 .ARM.attributes
                0x00000000000003b1       0x2d /usr/lib/gcc/arm-none-eabi/8.2.0/../../../../arm-none-eabi/lib/thumb/v7-m/nofp/libg_nano.a(lib_a-memset.o)
 .ARM.attributes
                0x00000000000003de       0x2d /usr/lib/gcc/arm-none-eabi/8.2.0/../../../../arm-none-eabi/lib/thumb/v7-m/nofp/libg_nano.a(lib_a-nano-freer.o)
 .ARM.attributes
                0x000000000000040b       0x2d /usr/lib/gcc/arm-none-eabi/8.2.0/../../../../arm-none-eabi/lib/thumb/v7-m/nofp/libg_nano.a(lib_a-nano-mallocr.o)
 .ARM.attributes
                0x0000000000000438       0x2d /usr/lib/gcc/arm-none-eabi/8.2.0/../../../../arm-none-eabi/lib/thumb/v7-m/nofp/libg_nano.a(lib_a-nano-vfprintf.o)
 .ARM.attributes
                0x0000000000000465       0x2d /usr/lib/gcc/arm-none-eabi/8.2.0/../../../../arm-none-eabi/lib/thumb/v7-m/nofp/libg_nano.a(lib_a-sbrkr.o)
 .ARM.attributes
                0x0000000000000492       0x2d /usr/lib/gcc/arm-none-eabi/8.2.0/../../../../arm-none-eabi/lib/thumb/v7-m/nofp/libg_nano.a(lib_a-stdio.o)
 .ARM.attributes
                0x00000000000004bf       0x2d /usr/lib/gcc/arm-none-eabi/8.2.0/../../../../arm-none-eabi/lib/thumb/v7-m/nofp/libg_nano.a(lib_a-wbuf.o)
 .ARM.attributes
                0x00000000000004ec       0x2d /usr/lib/gcc/arm-none-eabi/8.2.0/../../../../arm-none-eabi/lib/thumb/v7-m/nofp/libg_nano.a(lib_a-writer.o)
 .ARM.attributes
                0x0000000000000519       0x2d /usr/lib/gcc/arm-none-eabi/8.2.0/../../../../arm-none-eabi/lib/thumb/v7-m/nofp/libg_nano.a(lib_a-wsetup.o)
 .ARM.attributes
                0x0000000000000546       0x2d /usr/lib/gcc/arm-none-eabi/8.2.0/../../../../arm-none-eabi/lib/thumb/v7-m/nofp/libg_nano.a(lib_a-closer.o)
 .ARM.attributes
                0x0000000000000573       0x2d /usr/lib/gcc/arm-none-eabi/8.2.0/../../../../arm-none-eabi/lib/thumb/v7-m/nofp/libg_nano.a(lib_a-fflush.o)
 .ARM.attributes
                0x00000000000005a0       0x2d /usr/lib/gcc/arm-none-eabi/8.2.0/../../../../arm-none-eabi/lib/thumb/v7-m/nofp/libg_nano.a(lib_a-lseekr.o)
 .ARM.attributes
                0x00000000000005cd       0x2d /usr/lib/gcc/arm-none-eabi/8.2.0/../../../../arm-none-eabi/lib/thumb/v7-m/nofp/libg_nano.a(lib_a-makebuf.o)
 .ARM.attributes
                0x00000000000005fa       0x2d /usr/lib/gcc/arm-none-eabi/8.2.0/../../../../arm-none-eabi/lib/thumb/v7-m/nofp/libg_nano.a(lib_a-memchr-stub.o)
 .ARM.attributes
                0x0000000000000627       0x2d /usr/lib/gcc/arm-none-eabi/8.2.0/../../../../arm-none-eabi/lib/thumb/v7-m/nofp/libg_nano.a(lib_a-mlock.o)
 .ARM.attributes
                0x0000000000000654       0x2d /usr/lib/gcc/arm-none-eabi/8.2.0/../../../../arm-none-eabi/lib/thumb/v7-m/nofp/libg_nano.a(lib_a-nano-vfprintf_i.o)
 .ARM.attributes
                0x0000000000000681       0x2d /usr/lib/gcc/arm-none-eabi/8.2.0/../../../../arm-none-eabi/lib/thumb/v7-m/nofp/libg_nano.a(lib_a-readr.o)
 .ARM.attributes
                0x00000000000006ae       0x2d /usr/lib/gcc/arm-none-eabi/8.2.0/../../../../arm-none-eabi/lib/thumb/v7-m/nofp/libg_nano.a(lib_a-reent.o)
 .ARM.attributes
                0x00000000000006db       0x2d /usr/lib/gcc/arm-none-eabi/8.2.0/../../../../arm-none-eabi/lib/thumb/v7-m/nofp/libg_nano.a(lib_a-fstatr.o)
 .ARM.attributes
                0x0000000000000708       0x2d /usr/lib/gcc/arm-none-eabi/8.2.0/../../../../arm-none-eabi/lib/thumb/v7-m/nofp/libg_nano.a(lib_a-isattyr.o)
 .ARM.attributes
                0x0000000000000735       0x2d /usr/lib/gcc/arm-none-eabi/8.2.0/../../../../arm-none-eabi/lib/thumb/v7-m/nofp/libnosys.a(close.o)
 .ARM.attributes
                0x0000000000000762       0x2d /usr/lib/gcc/arm-none-eabi/8.2.0/../../../../arm-none-eabi/lib/thumb/v7-m/nofp/libnosys.a(fstat.o)
 .ARM.attributes
                0x000000000000078f       0x2d /usr/lib/gcc/arm-none-eabi/8.2.0/../../../../arm-none-eabi/lib/thumb/v7-m/nofp/libnosys.a(isatty.o)
 .ARM.attributes
                0x00000000000007bc       0x2d /usr/lib/gcc/arm-none-eabi/8.2.0/../../../../arm-none-eabi/lib/thumb/v7-m/nofp/libnosys.a(lseek.o)
 .ARM.attributes
                0x00000000000007e9       0x2d /usr/lib/gcc/arm-none-eabi/8.2.0/../../../../arm-none-eabi/lib/thumb/v7-m/nofp/libnosys.a(sbrk.o)

.debug_frame    0x0000000000000000     0x13a4
 .debug_frame   0x0000000000000000       0x40 ./src/_write.o
 .debug_frame   0x0000000000000040       0x94 ./src/clock.o
 .debug_frame   0x00000000000000d4       0x28 ./src/main.o
 .debug_frame   0x00000000000000fc       0x7c ./src/relays.o
 .debug_frame   0x0000000000000178       0x5c ./src/usart_comm.o
 .debug_frame   0x00000000000001d4       0x60 /home/jdr/eclipse-workspace/libopencm3/lib/libopencm3_stm32f1.a(gpio.o)
 .debug_frame   0x0000000000000234      0x2e0 /home/jdr/eclipse-workspace/libopencm3/lib/libopencm3_stm32f1.a(rcc.o)
 .debug_frame   0x0000000000000514      0x1ac /home/jdr/eclipse-workspace/libopencm3/lib/libopencm3_stm32f1.a(rtc.o)
 .debug_frame   0x00000000000006c0       0x80 /home/jdr/eclipse-workspace/libopencm3/lib/libopencm3_stm32f1.a(gpio_common_all.o)
 .debug_frame   0x0000000000000740      0x100 /home/jdr/eclipse-workspace/libopencm3/lib/libopencm3_stm32f1.a(pwr_common_v1.o)
 .debug_frame   0x0000000000000840      0x170 /home/jdr/eclipse-workspace/libopencm3/lib/libopencm3_stm32f1.a(usart_common_all.o)
 .debug_frame   0x00000000000009b0       0x60 /home/jdr/eclipse-workspace/libopencm3/lib/libopencm3_stm32f1.a(usart_common_f124.o)
 .debug_frame   0x0000000000000a10       0xd0 /home/jdr/eclipse-workspace/libopencm3/lib/libopencm3_stm32f1.a(rcc_common_all.o)
 .debug_frame   0x0000000000000ae0       0x50 /home/jdr/eclipse-workspace/libopencm3/lib/libopencm3_stm32f1.a(flash_common_all.o)
 .debug_frame   0x0000000000000b30       0x4c /home/jdr/eclipse-workspace/libopencm3/lib/libopencm3_stm32f1.a(vector.o)
 .debug_frame   0x0000000000000b7c       0x74 /usr/lib/gcc/arm-none-eabi/8.2.0/../../../../arm-none-eabi/lib/thumb/v7-m/nofp/libg_nano.a(lib_a-printf.o)
 .debug_frame   0x0000000000000bf0       0x44 /usr/lib/gcc/arm-none-eabi/8.2.0/../../../../arm-none-eabi/lib/thumb/v7-m/nofp/libg_nano.a(lib_a-rand.o)
 .debug_frame   0x0000000000000c34      0x11c /usr/lib/gcc/arm-none-eabi/8.2.0/../../../../arm-none-eabi/lib/thumb/v7-m/nofp/libg_nano.a(lib_a-findfp.o)
 .debug_frame   0x0000000000000d50       0x54 /usr/lib/gcc/arm-none-eabi/8.2.0/../../../../arm-none-eabi/lib/thumb/v7-m/nofp/libg_nano.a(lib_a-fwalk.o)
 .debug_frame   0x0000000000000da4       0x30 /usr/lib/gcc/arm-none-eabi/8.2.0/../../../../arm-none-eabi/lib/thumb/v7-m/nofp/libg_nano.a(lib_a-malloc.o)
 .debug_frame   0x0000000000000dd4       0x20 /usr/lib/gcc/arm-none-eabi/8.2.0/../../../../arm-none-eabi/lib/thumb/v7-m/nofp/libg_nano.a(lib_a-memset.o)
 .debug_frame   0x0000000000000df4       0x38 /usr/lib/gcc/arm-none-eabi/8.2.0/../../../../arm-none-eabi/lib/thumb/v7-m/nofp/libg_nano.a(lib_a-nano-freer.o)
 .debug_frame   0x0000000000000e2c       0x30 /usr/lib/gcc/arm-none-eabi/8.2.0/../../../../arm-none-eabi/lib/thumb/v7-m/nofp/libg_nano.a(lib_a-nano-mallocr.o)
 .debug_frame   0x0000000000000e5c       0xac /usr/lib/gcc/arm-none-eabi/8.2.0/../../../../arm-none-eabi/lib/thumb/v7-m/nofp/libg_nano.a(lib_a-nano-vfprintf.o)
 .debug_frame   0x0000000000000f08       0x2c /usr/lib/gcc/arm-none-eabi/8.2.0/../../../../arm-none-eabi/lib/thumb/v7-m/nofp/libg_nano.a(lib_a-sbrkr.o)
 .debug_frame   0x0000000000000f34       0x88 /usr/lib/gcc/arm-none-eabi/8.2.0/../../../../arm-none-eabi/lib/thumb/v7-m/nofp/libg_nano.a(lib_a-stdio.o)
 .debug_frame   0x0000000000000fbc       0x40 /usr/lib/gcc/arm-none-eabi/8.2.0/../../../../arm-none-eabi/lib/thumb/v7-m/nofp/libg_nano.a(lib_a-wbuf.o)
 .debug_frame   0x0000000000000ffc       0x2c /usr/lib/gcc/arm-none-eabi/8.2.0/../../../../arm-none-eabi/lib/thumb/v7-m/nofp/libg_nano.a(lib_a-writer.o)
 .debug_frame   0x0000000000001028       0x2c /usr/lib/gcc/arm-none-eabi/8.2.0/../../../../arm-none-eabi/lib/thumb/v7-m/nofp/libg_nano.a(lib_a-wsetup.o)
 .debug_frame   0x0000000000001054       0x2c /usr/lib/gcc/arm-none-eabi/8.2.0/../../../../arm-none-eabi/lib/thumb/v7-m/nofp/libg_nano.a(lib_a-closer.o)
 .debug_frame   0x0000000000001080       0x68 /usr/lib/gcc/arm-none-eabi/8.2.0/../../../../arm-none-eabi/lib/thumb/v7-m/nofp/libg_nano.a(lib_a-fflush.o)
 .debug_frame   0x00000000000010e8       0x2c /usr/lib/gcc/arm-none-eabi/8.2.0/../../../../arm-none-eabi/lib/thumb/v7-m/nofp/libg_nano.a(lib_a-lseekr.o)
 .debug_frame   0x0000000000001114       0x58 /usr/lib/gcc/arm-none-eabi/8.2.0/../../../../arm-none-eabi/lib/thumb/v7-m/nofp/libg_nano.a(lib_a-makebuf.o)
 .debug_frame   0x000000000000116c       0x28 /usr/lib/gcc/arm-none-eabi/8.2.0/../../../../arm-none-eabi/lib/thumb/v7-m/nofp/libg_nano.a(lib_a-memchr-stub.o)
 .debug_frame   0x0000000000001194       0x30 /usr/lib/gcc/arm-none-eabi/8.2.0/../../../../arm-none-eabi/lib/thumb/v7-m/nofp/libg_nano.a(lib_a-mlock.o)
 .debug_frame   0x00000000000011c4       0x60 /usr/lib/gcc/arm-none-eabi/8.2.0/../../../../arm-none-eabi/lib/thumb/v7-m/nofp/libg_nano.a(lib_a-nano-vfprintf_i.o)
 .debug_frame   0x0000000000001224       0x2c /usr/lib/gcc/arm-none-eabi/8.2.0/../../../../arm-none-eabi/lib/thumb/v7-m/nofp/libg_nano.a(lib_a-readr.o)
 .debug_frame   0x0000000000001250       0x5c /usr/lib/gcc/arm-none-eabi/8.2.0/../../../../arm-none-eabi/lib/thumb/v7-m/nofp/libg_nano.a(lib_a-reent.o)
 .debug_frame   0x00000000000012ac       0x2c /usr/lib/gcc/arm-none-eabi/8.2.0/../../../../arm-none-eabi/lib/thumb/v7-m/nofp/libg_nano.a(lib_a-fstatr.o)
 .debug_frame   0x00000000000012d8       0x2c /usr/lib/gcc/arm-none-eabi/8.2.0/../../../../arm-none-eabi/lib/thumb/v7-m/nofp/libg_nano.a(lib_a-isattyr.o)
 .debug_frame   0x0000000000001304       0x20 /usr/lib/gcc/arm-none-eabi/8.2.0/../../../../arm-none-eabi/lib/thumb/v7-m/nofp/libnosys.a(close.o)
 .debug_frame   0x0000000000001324       0x20 /usr/lib/gcc/arm-none-eabi/8.2.0/../../../../arm-none-eabi/lib/thumb/v7-m/nofp/libnosys.a(fstat.o)
 .debug_frame   0x0000000000001344       0x20 /usr/lib/gcc/arm-none-eabi/8.2.0/../../../../arm-none-eabi/lib/thumb/v7-m/nofp/libnosys.a(isatty.o)
 .debug_frame   0x0000000000001364       0x20 /usr/lib/gcc/arm-none-eabi/8.2.0/../../../../arm-none-eabi/lib/thumb/v7-m/nofp/libnosys.a(lseek.o)
 .debug_frame   0x0000000000001384       0x20 /usr/lib/gcc/arm-none-eabi/8.2.0/../../../../arm-none-eabi/lib/thumb/v7-m/nofp/libnosys.a(sbrk.o)

.stab           0x0000000000000000       0x6c
 .stab          0x0000000000000000       0x24 /usr/lib/gcc/arm-none-eabi/8.2.0/../../../../arm-none-eabi/lib/thumb/v7-m/nofp/libnosys.a(close.o)
 .stab          0x0000000000000024       0x18 /usr/lib/gcc/arm-none-eabi/8.2.0/../../../../arm-none-eabi/lib/thumb/v7-m/nofp/libnosys.a(fstat.o)
                                         0x24 (size before relaxing)
 .stab          0x000000000000003c       0x18 /usr/lib/gcc/arm-none-eabi/8.2.0/../../../../arm-none-eabi/lib/thumb/v7-m/nofp/libnosys.a(isatty.o)
                                         0x24 (size before relaxing)
 .stab          0x0000000000000054       0x18 /usr/lib/gcc/arm-none-eabi/8.2.0/../../../../arm-none-eabi/lib/thumb/v7-m/nofp/libnosys.a(lseek.o)
                                         0x24 (size before relaxing)

.stabstr        0x0000000000000000       0xe3
 .stabstr       0x0000000000000000       0xe3 /usr/lib/gcc/arm-none-eabi/8.2.0/../../../../arm-none-eabi/lib/thumb/v7-m/nofp/libnosys.a(close.o)
