Archive member included to satisfy reference by file (symbol)

/home/jdr/Projects/stm32/libopencm3-examples/libopencm3/lib/libopencm3_stm32f1.a(gpio.o)
                              ./src/main.o (gpio_set_mode)
/home/jdr/Projects/stm32/libopencm3-examples/libopencm3/lib/libopencm3_stm32f1.a(rcc.o)
                              ./src/clock.o (rcc_wait_for_osc_ready)
/home/jdr/Projects/stm32/libopencm3-examples/libopencm3/lib/libopencm3_stm32f1.a(rtc.o)
                              ./src/clock.o (rtc_get_counter_val)
/home/jdr/Projects/stm32/libopencm3-examples/libopencm3/lib/libopencm3_stm32f1.a(gpio_common_all.o)
                              ./src/relays.o (gpio_clear)
/home/jdr/Projects/stm32/libopencm3-examples/libopencm3/lib/libopencm3_stm32f1.a(pwr_common_v1.o)
                              /home/jdr/Projects/stm32/libopencm3-examples/libopencm3/lib/libopencm3_stm32f1.a(rtc.o) (pwr_disable_backup_domain_write_protect)
/home/jdr/Projects/stm32/libopencm3-examples/libopencm3/lib/libopencm3_stm32f1.a(usart_common_all.o)
                              ./src/usart_comm.o (usart_set_baudrate)
/home/jdr/Projects/stm32/libopencm3-examples/libopencm3/lib/libopencm3_stm32f1.a(usart_common_f124.o)
                              /home/jdr/Projects/stm32/libopencm3-examples/libopencm3/lib/libopencm3_stm32f1.a(usart_common_all.o) (usart_send)
/home/jdr/Projects/stm32/libopencm3-examples/libopencm3/lib/libopencm3_stm32f1.a(rcc_common_all.o)
                              ./src/clock.o (rcc_periph_clock_enable)
/home/jdr/Projects/stm32/libopencm3-examples/libopencm3/lib/libopencm3_stm32f1.a(flash_common_all.o)
                              /home/jdr/Projects/stm32/libopencm3-examples/libopencm3/lib/libopencm3_stm32f1.a(rcc.o) (flash_set_ws)
/home/jdr/Projects/stm32/libopencm3-examples/libopencm3/lib/libopencm3_stm32f1.a(vector.o)
                              (reset_handler)
/home/jdr/Projects/stm32/libopencm3-examples/libopencm3/lib/libopencm3_stm32f1.a(assert.o)
                              /home/jdr/Projects/stm32/libopencm3-examples/libopencm3/lib/libopencm3_stm32f1.a(rcc.o) (cm3_assert_failed)
/usr/lib/gcc/arm-none-eabi/8.2.0/../../../../arm-none-eabi/lib/thumb/v7-m/nofp/libg_nano.a(lib_a-printf.o)
                              ./src/clock.o (printf)
/usr/lib/gcc/arm-none-eabi/8.2.0/../../../../arm-none-eabi/lib/thumb/v7-m/nofp/libg_nano.a(lib_a-rand.o)
                              ./src/relays.o (rand)
/usr/lib/gcc/arm-none-eabi/8.2.0/../../../../arm-none-eabi/lib/thumb/v7-m/nofp/libg_nano.a(lib_a-scanf.o)
                              ./src/clock.o (scanf)
/usr/lib/gcc/arm-none-eabi/8.2.0/../../../../arm-none-eabi/lib/thumb/v7-m/nofp/libg_nano.a(lib_a-findfp.o)
                              /usr/lib/gcc/arm-none-eabi/8.2.0/../../../../arm-none-eabi/lib/thumb/v7-m/nofp/libg_nano.a(lib_a-printf.o) (__sinit)
/usr/lib/gcc/arm-none-eabi/8.2.0/../../../../arm-none-eabi/lib/thumb/v7-m/nofp/libg_nano.a(lib_a-fwalk.o)
                              /usr/lib/gcc/arm-none-eabi/8.2.0/../../../../arm-none-eabi/lib/thumb/v7-m/nofp/libg_nano.a(lib_a-findfp.o) (_fwalk)
/usr/lib/gcc/arm-none-eabi/8.2.0/../../../../arm-none-eabi/lib/thumb/v7-m/nofp/libg_nano.a(lib_a-impure.o)
                              /usr/lib/gcc/arm-none-eabi/8.2.0/../../../../arm-none-eabi/lib/thumb/v7-m/nofp/libg_nano.a(lib_a-findfp.o) (_global_impure_ptr)
/usr/lib/gcc/arm-none-eabi/8.2.0/../../../../arm-none-eabi/lib/thumb/v7-m/nofp/libg_nano.a(lib_a-malloc.o)
                              /usr/lib/gcc/arm-none-eabi/8.2.0/../../../../arm-none-eabi/lib/thumb/v7-m/nofp/libg_nano.a(lib_a-rand.o) (malloc)
/usr/lib/gcc/arm-none-eabi/8.2.0/../../../../arm-none-eabi/lib/thumb/v7-m/nofp/libg_nano.a(lib_a-memset.o)
                              /usr/lib/gcc/arm-none-eabi/8.2.0/../../../../arm-none-eabi/lib/thumb/v7-m/nofp/libg_nano.a(lib_a-findfp.o) (memset)
/usr/lib/gcc/arm-none-eabi/8.2.0/../../../../arm-none-eabi/lib/thumb/v7-m/nofp/libg_nano.a(lib_a-nano-freer.o)
                              /usr/lib/gcc/arm-none-eabi/8.2.0/../../../../arm-none-eabi/lib/thumb/v7-m/nofp/libg_nano.a(lib_a-malloc.o) (_free_r)
/usr/lib/gcc/arm-none-eabi/8.2.0/../../../../arm-none-eabi/lib/thumb/v7-m/nofp/libg_nano.a(lib_a-nano-mallocr.o)
                              /usr/lib/gcc/arm-none-eabi/8.2.0/../../../../arm-none-eabi/lib/thumb/v7-m/nofp/libg_nano.a(lib_a-findfp.o) (_malloc_r)
/usr/lib/gcc/arm-none-eabi/8.2.0/../../../../arm-none-eabi/lib/thumb/v7-m/nofp/libg_nano.a(lib_a-nano-vfprintf.o)
                              /usr/lib/gcc/arm-none-eabi/8.2.0/../../../../arm-none-eabi/lib/thumb/v7-m/nofp/libg_nano.a(lib_a-printf.o) (_vfprintf_r)
/usr/lib/gcc/arm-none-eabi/8.2.0/../../../../arm-none-eabi/lib/thumb/v7-m/nofp/libg_nano.a(lib_a-nano-vfscanf.o)
                              /usr/lib/gcc/arm-none-eabi/8.2.0/../../../../arm-none-eabi/lib/thumb/v7-m/nofp/libg_nano.a(lib_a-scanf.o) (_vfscanf_r)
[...]
Memory Configuration

Name             Origin             Length             Attributes
rom              0x0000000008000000 0x0000000000010000 xr
ram              0x0000000020000000 0x0000000000005000 xrw
*default*        0x0000000000000000 0xffffffffffffffff

Linker script and memory map

LOAD ./src/_write.o
LOAD ./src/clock.o
LOAD ./src/main.o
LOAD ./src/relays.o
LOAD ./src/ring.o
LOAD ./src/usart_comm.o
LOAD ./src/usb_comm.o
LOAD /home/jdr/Projects/stm32/libopencm3-examples/libopencm3/lib/libopencm3_stm32f1.a
LOAD /usr/lib/gcc/arm-none-eabi/8.2.0/../../../../arm-none-eabi/lib/thumb/v7-m/nofp/libstdc++_nano.a
LOAD /usr/lib/gcc/arm-none-eabi/8.2.0/../../../../arm-none-eabi/lib/thumb/v7-m/nofp/libm.a
START GROUP
LOAD /usr/lib/gcc/arm-none-eabi/8.2.0/thumb/v7-m/nofp/libgcc.a
LOAD /usr/lib/gcc/arm-none-eabi/8.2.0/../../../../arm-none-eabi/lib/thumb/v7-m/nofp/libg_nano.a
LOAD /usr/lib/gcc/arm-none-eabi/8.2.0/../../../../arm-none-eabi/lib/thumb/v7-m/nofp/libc_nano.a
END GROUP
START GROUP
LOAD /usr/lib/gcc/arm-none-eabi/8.2.0/thumb/v7-m/nofp/libgcc.a
LOAD /usr/lib/gcc/arm-none-eabi/8.2.0/../../../../arm-none-eabi/lib/thumb/v7-m/nofp/libc_nano.a
LOAD /usr/lib/gcc/arm-none-eabi/8.2.0/../../../../arm-none-eabi/lib/thumb/v7-m/nofp/libnosys.a
END GROUP
START GROUP
LOAD /usr/lib/gcc/arm-none-eabi/8.2.0/thumb/v7-m/nofp/libgcc.a
LOAD /usr/lib/gcc/arm-none-eabi/8.2.0/../../../../arm-none-eabi/lib/thumb/v7-m/nofp/libc_nano.a
LOAD /usr/lib/gcc/arm-none-eabi/8.2.0/../../../../arm-none-eabi/lib/thumb/v7-m/nofp/libnosys.a
END GROUP

.text           0x0000000008000000     0x1634
 *(.vectors)
 .vectors       0x0000000008000000      0x150 /home/jdr/Projects/stm32/libopencm3-examples/libopencm3/lib/libopencm3_stm32f1.a(vector.o)
                0x0000000008000000                vector_table
 *(.text*)
 .text._write   0x0000000008000150        0xc ./src/_write.o
                0x0000000008000150                _write
 .text._read    0x000000000800015c        0xc ./src/_write.o
                0x000000000800015c                _read
 .text.clock_init
                0x0000000008000168       0x32 ./src/clock.o
                0x0000000008000168                clock_init
 .text.clock_get_raw_time
                0x000000000800019a        0x8 ./src/clock.o
                0x000000000800019a                clock_get_raw_time
 *fill*         0x00000000080001a2        0x2 
 .text.main     0x00000000080001a4       0x48 ./src/main.o
                0x00000000080001a4                main
 .text.usart_comm_init
                0x00000000080001ec       0x78 ./src/usart_comm.o
                0x00000000080001ec                usart_comm_init
 .text.usart_comm_write
                0x0000000008000264       0x24 ./src/usart_comm.o
                0x0000000008000264                usart_comm_write
 .text.usart_comm_read
                0x0000000008000288       0x1c ./src/usart_comm.o
                0x0000000008000288                usart_comm_read
 .text.gpio_set_mode
                0x00000000080002a4       0x5e /home/jdr/Projects/stm32/libopencm3-examples/libopencm3/lib/libopencm3_stm32f1.a(gpio.o)
                0x00000000080002a4                gpio_set_mode
 *fill*         0x0000000008000302        0x2 
 .text.rcc_osc_on.part.1
                0x0000000008000304       0x10 /home/jdr/Projects/stm32/libopencm3-examples/libopencm3/lib/libopencm3_stm32f1.a(rcc.o)
 .text.rcc_is_osc_ready
                0x0000000008000314       0x5c /home/jdr/Projects/stm32/libopencm3-examples/libopencm3/lib/libopencm3_stm32f1.a(rcc.o)
                0x0000000008000314                rcc_is_osc_ready
 .text.rcc_wait_for_osc_ready
                0x0000000008000370       0x10 /home/jdr/Projects/stm32/libopencm3-examples/libopencm3/lib/libopencm3_stm32f1.a(rcc.o)
                0x0000000008000370                rcc_wait_for_osc_ready
 .text.rcc_osc_on
                0x0000000008000380       0x54 /home/jdr/Projects/stm32/libopencm3-examples/libopencm3/lib/libopencm3_stm32f1.a(rcc.o)
                0x0000000008000380                rcc_osc_on
 .text.rcc_set_sysclk_source
                0x00000000080003d4       0x14 /home/jdr/Projects/stm32/libopencm3-examples/libopencm3/lib/libopencm3_stm32f1.a(rcc.o)
                0x00000000080003d4                rcc_set_sysclk_source
 .text.rcc_set_pll_multiplication_factor
                0x00000000080003e8       0x14 /home/jdr/Projects/stm32/libopencm3-examples/libopencm3/lib/libopencm3_stm32f1.a(rcc.o)
                0x00000000080003e8                rcc_set_pll_multiplication_factor
 .text.rcc_set_pll_source
                0x00000000080003fc       0x14 /home/jdr/Projects/stm32/libopencm3-examples/libopencm3/lib/libopencm3_stm32f1.a(rcc.o)
                0x00000000080003fc                rcc_set_pll_source
 .text.rcc_set_pllxtpre
                0x0000000008000410       0x14 /home/jdr/Projects/stm32/libopencm3-examples/libopencm3/lib/libopencm3_stm32f1.a(rcc.o)
                0x0000000008000410                rcc_set_pllxtpre
 .text.rcc_enable_rtc_clock
                0x0000000008000424       0x10 /home/jdr/Projects/stm32/libopencm3-examples/libopencm3/lib/libopencm3_stm32f1.a(rcc.o)
                0x0000000008000424                rcc_enable_rtc_clock
 .text.rcc_set_rtc_clock_source
                0x0000000008000434       0x90 /home/jdr/Projects/stm32/libopencm3-examples/libopencm3/lib/libopencm3_stm32f1.a(rcc.o)
                0x0000000008000434                rcc_set_rtc_clock_source
 .text.rcc_set_adcpre
                0x00000000080004c4       0x14 /home/jdr/Projects/stm32/libopencm3-examples/libopencm3/lib/libopencm3_stm32f1.a(rcc.o)
                0x00000000080004c4                rcc_set_adcpre
 .text.rcc_set_ppre2
                0x00000000080004d8       0x14 /home/jdr/Projects/stm32/libopencm3-examples/libopencm3/lib/libopencm3_stm32f1.a(rcc.o)
                0x00000000080004d8                rcc_set_ppre2
 .text.rcc_set_ppre1
                0x00000000080004ec       0x14 /home/jdr/Projects/stm32/libopencm3-examples/libopencm3/lib/libopencm3_stm32f1.a(rcc.o)
                0x00000000080004ec                rcc_set_ppre1
 .text.rcc_set_hpre
                0x0000000008000500       0x14 /home/jdr/Projects/stm32/libopencm3-examples/libopencm3/lib/libopencm3_stm32f1.a(rcc.o)
                0x0000000008000500                rcc_set_hpre
 .text.rcc_clock_setup_in_hse_8mhz_out_72mhz
                0x0000000008000514       0x8c /home/jdr/Projects/stm32/libopencm3-examples/libopencm3/lib/libopencm3_stm32f1.a(rcc.o)
                0x0000000008000514                rcc_clock_setup_in_hse_8mhz_out_72mhz
 .text.rtc_get_counter_val
                0x00000000080005a0       0x14 /home/jdr/Projects/stm32/libopencm3-examples/libopencm3/lib/libopencm3_stm32f1.a(rtc.o)
                0x00000000080005a0                rtc_get_counter_val
 .text.usart_set_baudrate
                0x00000000080005b4       0x28 /home/jdr/Projects/stm32/libopencm3-examples/libopencm3/lib/libopencm3_stm32f1.a(usart_common_all.o)
                0x00000000080005b4                usart_set_baudrate
 .text.usart_set_databits
                0x00000000080005dc       0x12 /home/jdr/Projects/stm32/libopencm3-examples/libopencm3/lib/libopencm3_stm32f1.a(usart_common_all.o)
                0x00000000080005dc                usart_set_databits
 .text.usart_set_stopbits
                0x00000000080005ee        0xc /home/jdr/Projects/stm32/libopencm3-examples/libopencm3/lib/libopencm3_stm32f1.a(usart_common_all.o)
                0x00000000080005ee                usart_set_stopbits
 .text.usart_set_parity
                0x00000000080005fa        0xc /home/jdr/Projects/stm32/libopencm3-examples/libopencm3/lib/libopencm3_stm32f1.a(usart_common_all.o)
                0x00000000080005fa                usart_set_parity
 .text.usart_set_mode
                0x0000000008000606        0xc /home/jdr/Projects/stm32/libopencm3-examples/libopencm3/lib/libopencm3_stm32f1.a(usart_common_all.o)
                0x0000000008000606                usart_set_mode
 .text.usart_set_flow_control
                0x0000000008000612        0xc /home/jdr/Projects/stm32/libopencm3-examples/libopencm3/lib/libopencm3_stm32f1.a(usart_common_all.o)
                0x0000000008000612                usart_set_flow_control
 .text.usart_enable
                0x000000000800061e        0xa /home/jdr/Projects/stm32/libopencm3-examples/libopencm3/lib/libopencm3_stm32f1.a(usart_common_all.o)
                0x000000000800061e                usart_enable
 .text.usart_send_blocking
                0x0000000008000628       0x16 /home/jdr/Projects/stm32/libopencm3-examples/libopencm3/lib/libopencm3_stm32f1.a(usart_common_all.o)
                0x0000000008000628                usart_send_blocking
 .text.usart_recv_blocking
                0x000000000800063e       0x12 /home/jdr/Projects/stm32/libopencm3-examples/libopencm3/lib/libopencm3_stm32f1.a(usart_common_all.o)
                0x000000000800063e                usart_recv_blocking
 .text.usart_send
                0x0000000008000650        0x8 /home/jdr/Projects/stm32/libopencm3-examples/libopencm3/lib/libopencm3_stm32f1.a(usart_common_f124.o)
                0x0000000008000650                usart_send
 .text.usart_recv
                0x0000000008000658        0x8 /home/jdr/Projects/stm32/libopencm3-examples/libopencm3/lib/libopencm3_stm32f1.a(usart_common_f124.o)
                0x0000000008000658                usart_recv
 .text.usart_wait_send_ready
                0x0000000008000660        0x8 /home/jdr/Projects/stm32/libopencm3-examples/libopencm3/lib/libopencm3_stm32f1.a(usart_common_f124.o)
                0x0000000008000660                usart_wait_send_ready
 .text.usart_wait_recv_ready
                0x0000000008000668        0x8 /home/jdr/Projects/stm32/libopencm3-examples/libopencm3/lib/libopencm3_stm32f1.a(usart_common_f124.o)
                0x0000000008000668                usart_wait_recv_ready
 .text.rcc_periph_clock_enable
                0x0000000008000670       0x1a /home/jdr/Projects/stm32/libopencm3-examples/libopencm3/lib/libopencm3_stm32f1.a(rcc_common_all.o)
                0x0000000008000670                rcc_periph_clock_enable
 .text.rcc_periph_reset_pulse
                0x000000000800068a       0x22 /home/jdr/Projects/stm32/libopencm3-examples/libopencm3/lib/libopencm3_stm32f1.a(rcc_common_all.o)
                0x000000000800068a                rcc_periph_reset_pulse
 .text.flash_set_ws
                0x00000000080006ac       0x14 /home/jdr/Projects/stm32/libopencm3-examples/libopencm3/lib/libopencm3_stm32f1.a(flash_common_all.o)
                0x00000000080006ac                flash_set_ws
 .text.blocking_handler
                0x00000000080006c0        0x2 /home/jdr/Projects/stm32/libopencm3-examples/libopencm3/lib/libopencm3_stm32f1.a(vector.o)
                0x00000000080006c0                usart3_isr
                0x00000000080006c0                rtc_isr
                0x00000000080006c0                tim7_isr
                0x00000000080006c0                adc1_2_isr
                0x00000000080006c0                tim1_trg_com_isr
                0x00000000080006c0                usb_hp_can_tx_isr
                0x00000000080006c0                tim6_isr
                0x00000000080006c0                usb_wakeup_isr
                0x00000000080006c0                blocking_handler
                0x00000000080006c0                tim5_isr
                0x00000000080006c0                otg_fs_isr
                0x00000000080006c0                spi1_isr
                0x00000000080006c0                exti2_isr
                0x00000000080006c0                dma1_channel6_isr
                0x00000000080006c0                can_rx1_isr
                0x00000000080006c0                dma1_channel5_isr
                0x00000000080006c0                dma2_channel5_isr
                0x00000000080006c0                usart1_isr
                0x00000000080006c0                usage_fault_handler
                0x00000000080006c0                tim8_trg_com_isr
                0x00000000080006c0                can2_rx0_isr
                0x00000000080006c0                tim1_brk_isr
                0x00000000080006c0                can2_rx1_isr
                0x00000000080006c0                tim1_cc_isr
                0x00000000080006c0                sdio_isr
                0x00000000080006c0                eth_isr
                0x00000000080006c0                dma1_channel4_isr
                0x00000000080006c0                tim8_brk_isr
                0x00000000080006c0                dma2_channel4_5_isr
                0x00000000080006c0                pvd_isr
                0x00000000080006c0                rcc_isr
                0x00000000080006c0                flash_isr
                0x00000000080006c0                uart4_isr
                0x00000000080006c0                rtc_alarm_isr
                0x00000000080006c0                exti15_10_isr
                0x00000000080006c0                hard_fault_handler
                0x00000000080006c0                exti1_isr
                0x00000000080006c0                i2c1_ev_isr
                0x00000000080006c0                dma2_channel1_isr
                0x00000000080006c0                spi2_isr
                0x00000000080006c0                tim8_up_isr
                0x00000000080006c0                dma2_channel2_isr
                0x00000000080006c0                exti3_isr
                0x00000000080006c0                adc3_isr
                0x00000000080006c0                tim3_isr
                0x00000000080006c0                usart2_isr
                0x00000000080006c0                usb_lp_can_rx0_isr
                0x00000000080006c0                i2c2_er_isr
                0x00000000080006c0                i2c2_ev_isr
                0x00000000080006c0                uart5_isr
                0x00000000080006c0                fsmc_isr
                0x00000000080006c0                dma1_channel1_isr
                0x00000000080006c0                exti4_isr
                0x00000000080006c0                mem_manage_handler
                0x00000000080006c0                can2_tx_isr
                0x00000000080006c0                exti9_5_isr
                0x00000000080006c0                dma2_channel3_isr
                0x00000000080006c0                dma1_channel7_isr
                0x00000000080006c0                tim1_up_isr
                0x00000000080006c0                can2_sce_isr
                0x00000000080006c0                tim4_isr
                0x00000000080006c0                dma1_channel2_isr
                0x00000000080006c0                i2c1_er_isr
                0x00000000080006c0                can_sce_isr
                0x00000000080006c0                tim8_cc_isr
                0x00000000080006c0                tamper_isr
                0x00000000080006c0                eth_wkup_isr
                0x00000000080006c0                bus_fault_handler
                0x00000000080006c0                wwdg_isr
                0x00000000080006c0                dma1_channel3_isr
                0x00000000080006c0                spi3_isr
                0x00000000080006c0                tim2_isr
                0x00000000080006c0                exti0_isr
 .text.null_handler
                0x00000000080006c2        0x2 /home/jdr/Projects/stm32/libopencm3-examples/libopencm3/lib/libopencm3_stm32f1.a(vector.o)
                0x00000000080006c2                null_handler
                0x00000000080006c2                sv_call_handler
                0x00000000080006c2                pend_sv_handler
                0x00000000080006c2                debug_monitor_handler
                0x00000000080006c2                sys_tick_handler
                0x00000000080006c2                nmi_handler
 .text.reset_handler
                0x00000000080006c4       0x90 /home/jdr/Projects/stm32/libopencm3-examples/libopencm3/lib/libopencm3_stm32f1.a(vector.o)
                0x00000000080006c4                reset_handler
 .text.printf   0x0000000008000754       0x30 /usr/lib/gcc/arm-none-eabi/8.2.0/../../../../arm-none-eabi/lib/thumb/v7-m/nofp/libg_nano.a(lib_a-printf.o)
                0x0000000008000754                printf
                0x0000000008000754                iprintf
 .text.std      0x0000000008000784       0x48 /usr/lib/gcc/arm-none-eabi/8.2.0/../../../../arm-none-eabi/lib/thumb/v7-m/nofp/libg_nano.a(lib_a-findfp.o)
 .text._cleanup_r
                0x00000000080007cc        0xc /usr/lib/gcc/arm-none-eabi/8.2.0/../../../../arm-none-eabi/lib/thumb/v7-m/nofp/libg_nano.a(lib_a-findfp.o)
                0x00000000080007cc                _cleanup_r
 .text.__sfmoreglue
                0x00000000080007d8       0x2c /usr/lib/gcc/arm-none-eabi/8.2.0/../../../../arm-none-eabi/lib/thumb/v7-m/nofp/libg_nano.a(lib_a-findfp.o)
                0x00000000080007d8                __sfmoreglue
 .text.__sinit  0x0000000008000804       0x60 /usr/lib/gcc/arm-none-eabi/8.2.0/../../../../arm-none-eabi/lib/thumb/v7-m/nofp/libg_nano.a(lib_a-findfp.o)
                0x0000000008000804                __sinit
 .text.__sfp    0x0000000008000864       0x78 /usr/lib/gcc/arm-none-eabi/8.2.0/../../../../arm-none-eabi/lib/thumb/v7-m/nofp/libg_nano.a(lib_a-findfp.o)
                0x0000000008000864                __sfp
 .text._fwalk_reent
                0x00000000080008dc       0x3c /usr/lib/gcc/arm-none-eabi/8.2.0/../../../../arm-none-eabi/lib/thumb/v7-m/nofp/libg_nano.a(lib_a-fwalk.o)
                0x00000000080008dc                _fwalk_reent
 .text.memset   0x0000000008000918       0x10 /usr/lib/gcc/arm-none-eabi/8.2.0/../../../../arm-none-eabi/lib/thumb/v7-m/nofp/libg_nano.a(lib_a-memset.o)
                0x0000000008000918                memset
 .text._free_r  0x0000000008000928       0x98 /usr/lib/gcc/arm-none-eabi/8.2.0/../../../../arm-none-eabi/lib/thumb/v7-m/nofp/libg_nano.a(lib_a-nano-freer.o)
                0x0000000008000928                _free_r
 .text._malloc_r
                0x00000000080009c0       0xb4 /usr/lib/gcc/arm-none-eabi/8.2.0/../../../../arm-none-eabi/lib/thumb/v7-m/nofp/libg_nano.a(lib_a-nano-mallocr.o)
                0x00000000080009c0                _malloc_r
 .text.__sfputc_r
                0x0000000008000a74       0x2a /usr/lib/gcc/arm-none-eabi/8.2.0/../../../../arm-none-eabi/lib/thumb/v7-m/nofp/libg_nano.a(lib_a-nano-vfprintf.o)
 .text.__sfputs_r
                0x0000000008000a9e       0x24 /usr/lib/gcc/arm-none-eabi/8.2.0/../../../../arm-none-eabi/lib/thumb/v7-m/nofp/libg_nano.a(lib_a-nano-vfprintf.o)
                0x0000000008000a9e                __sfputs_r
 *fill*         0x0000000008000ac2        0x2 
 .text._vfprintf_r
                0x0000000008000ac4      0x218 /usr/lib/gcc/arm-none-eabi/8.2.0/../../../../arm-none-eabi/lib/thumb/v7-m/nofp/libg_nano.a(lib_a-nano-vfprintf.o)
                0x0000000008000ac4                _vfiprintf_r
                0x0000000008000ac4                _vfprintf_r
 .text._sbrk_r  0x0000000008000cdc       0x20 /usr/lib/gcc/arm-none-eabi/8.2.0/../../../../arm-none-eabi/lib/thumb/v7-m/nofp/libg_nano.a(lib_a-sbrkr.o)
                0x0000000008000cdc                _sbrk_r
 .text.__sread  0x0000000008000cfc       0x22 /usr/lib/gcc/arm-none-eabi/8.2.0/../../../../arm-none-eabi/lib/thumb/v7-m/nofp/libg_nano.a(lib_a-stdio.o)
                0x0000000008000cfc                __sread
 .text.__swrite
                0x0000000008000d1e       0x38 /usr/lib/gcc/arm-none-eabi/8.2.0/../../../../arm-none-eabi/lib/thumb/v7-m/nofp/libg_nano.a(lib_a-stdio.o)
                0x0000000008000d1e                __swrite
 .text.__sseek  0x0000000008000d56       0x24 /usr/lib/gcc/arm-none-eabi/8.2.0/../../../../arm-none-eabi/lib/thumb/v7-m/nofp/libg_nano.a(lib_a-stdio.o)
                0x0000000008000d56                __sseek
 .text.__sclose
                0x0000000008000d7a        0x8 /usr/lib/gcc/arm-none-eabi/8.2.0/../../../../arm-none-eabi/lib/thumb/v7-m/nofp/libg_nano.a(lib_a-stdio.o)
                0x0000000008000d7a                __sclose
 *fill*         0x0000000008000d82        0x2 
 .text.__swbuf_r
                0x0000000008000d84       0xa4 /usr/lib/gcc/arm-none-eabi/8.2.0/../../../../arm-none-eabi/lib/thumb/v7-m/nofp/libg_nano.a(lib_a-wbuf.o)
                0x0000000008000d84                __swbuf_r
 .text._write_r
                0x0000000008000e28       0x24 /usr/lib/gcc/arm-none-eabi/8.2.0/../../../../arm-none-eabi/lib/thumb/v7-m/nofp/libg_nano.a(lib_a-writer.o)
                0x0000000008000e28                _write_r
 .text.__swsetup_r
                0x0000000008000e4c       0xdc /usr/lib/gcc/arm-none-eabi/8.2.0/../../../../arm-none-eabi/lib/thumb/v7-m/nofp/libg_nano.a(lib_a-wsetup.o)
                0x0000000008000e4c                __swsetup_r
 .text._close_r
                0x0000000008000f28       0x20 /usr/lib/gcc/arm-none-eabi/8.2.0/../../../../arm-none-eabi/lib/thumb/v7-m/nofp/libg_nano.a(lib_a-closer.o)
                0x0000000008000f28                _close_r
 .text.__sflush_r
                0x0000000008000f48      0x10c /usr/lib/gcc/arm-none-eabi/8.2.0/../../../../arm-none-eabi/lib/thumb/v7-m/nofp/libg_nano.a(lib_a-fflush.o)
                0x0000000008000f48                __sflush_r
 .text._fflush_r
                0x0000000008001054       0x54 /usr/lib/gcc/arm-none-eabi/8.2.0/../../../../arm-none-eabi/lib/thumb/v7-m/nofp/libg_nano.a(lib_a-fflush.o)
                0x0000000008001054                _fflush_r
 .text._lseek_r
                0x00000000080010a8       0x24 /usr/lib/gcc/arm-none-eabi/8.2.0/../../../../arm-none-eabi/lib/thumb/v7-m/nofp/libg_nano.a(lib_a-lseekr.o)
                0x00000000080010a8                _lseek_r
 .text.__swhatbuf_r
                0x00000000080010cc       0x48 /usr/lib/gcc/arm-none-eabi/8.2.0/../../../../arm-none-eabi/lib/thumb/v7-m/nofp/libg_nano.a(lib_a-makebuf.o)
                0x00000000080010cc                __swhatbuf_r
 .text.__smakebuf_r
                0x0000000008001114       0x80 /usr/lib/gcc/arm-none-eabi/8.2.0/../../../../arm-none-eabi/lib/thumb/v7-m/nofp/libg_nano.a(lib_a-makebuf.o)
                0x0000000008001114                __smakebuf_r
 .text.memchr   0x0000000008001194       0x1c /usr/lib/gcc/arm-none-eabi/8.2.0/../../../../arm-none-eabi/lib/thumb/v7-m/nofp/libg_nano.a(lib_a-memchr-stub.o)
                0x0000000008001194                memchr
 .text.__malloc_lock
                0x00000000080011b0        0x2 /usr/lib/gcc/arm-none-eabi/8.2.0/../../../../arm-none-eabi/lib/thumb/v7-m/nofp/libg_nano.a(lib_a-mlock.o)
                0x00000000080011b0                __malloc_lock
 .text.__malloc_unlock
                0x00000000080011b2        0x2 /usr/lib/gcc/arm-none-eabi/8.2.0/../../../../arm-none-eabi/lib/thumb/v7-m/nofp/libg_nano.a(lib_a-mlock.o)
                0x00000000080011b2                __malloc_unlock
 .text._printf_common
                0x00000000080011b4       0xec /usr/lib/gcc/arm-none-eabi/8.2.0/../../../../arm-none-eabi/lib/thumb/v7-m/nofp/libg_nano.a(lib_a-nano-vfprintf_i.o)
                0x00000000080011b4                _printf_common
 .text._printf_i
                0x00000000080012a0      0x22c /usr/lib/gcc/arm-none-eabi/8.2.0/../../../../arm-none-eabi/lib/thumb/v7-m/nofp/libg_nano.a(lib_a-nano-vfprintf_i.o)
                0x00000000080012a0                _printf_i
 .text._read_r  0x00000000080014cc       0x24 /usr/lib/gcc/arm-none-eabi/8.2.0/../../../../arm-none-eabi/lib/thumb/v7-m/nofp/libg_nano.a(lib_a-readr.o)
                0x00000000080014cc                _read_r
 .text._fstat_r
                0x00000000080014f0       0x24 /usr/lib/gcc/arm-none-eabi/8.2.0/../../../../arm-none-eabi/lib/thumb/v7-m/nofp/libg_nano.a(lib_a-fstatr.o)
                0x00000000080014f0                _fstat_r
 .text._isatty_r
                0x0000000008001514       0x20 /usr/lib/gcc/arm-none-eabi/8.2.0/../../../../arm-none-eabi/lib/thumb/v7-m/nofp/libg_nano.a(lib_a-isattyr.o)
                0x0000000008001514                _isatty_r
 .text._close   0x0000000008001534       0x10 /usr/lib/gcc/arm-none-eabi/8.2.0/../../../../arm-none-eabi/lib/thumb/v7-m/nofp/libnosys.a(close.o)
                0x0000000008001534                _close
 .text._fstat   0x0000000008001544       0x10 /usr/lib/gcc/arm-none-eabi/8.2.0/../../../../arm-none-eabi/lib/thumb/v7-m/nofp/libnosys.a(fstat.o)
                0x0000000008001544                _fstat
 .text._isatty  0x0000000008001554       0x10 /usr/lib/gcc/arm-none-eabi/8.2.0/../../../../arm-none-eabi/lib/thumb/v7-m/nofp/libnosys.a(isatty.o)
                0x0000000008001554                _isatty
 .text._lseek   0x0000000008001564       0x10 /usr/lib/gcc/arm-none-eabi/8.2.0/../../../../arm-none-eabi/lib/thumb/v7-m/nofp/libnosys.a(lseek.o)
                0x0000000008001564                _lseek
 .text._sbrk    0x0000000008001574       0x1c /usr/lib/gcc/arm-none-eabi/8.2.0/../../../../arm-none-eabi/lib/thumb/v7-m/nofp/libnosys.a(sbrk.o)
                0x0000000008001574                _sbrk
                0x0000000008001590                . = ALIGN (0x4)
 *(.rodata*)
 .rodata.main.str1.4
                0x0000000008001590        0xc ./src/main.o
 .rodata.__sf_fake_stderr
                0x000000000800159c       0x20 /usr/lib/gcc/arm-none-eabi/8.2.0/../../../../arm-none-eabi/lib/thumb/v7-m/nofp/libg_nano.a(lib_a-findfp.o)
                0x000000000800159c                __sf_fake_stderr
 .rodata.__sf_fake_stdin
                0x00000000080015bc       0x20 /usr/lib/gcc/arm-none-eabi/8.2.0/../../../../arm-none-eabi/lib/thumb/v7-m/nofp/libg_nano.a(lib_a-findfp.o)
                0x00000000080015bc                __sf_fake_stdin
 .rodata.__sf_fake_stdout
                0x00000000080015dc       0x20 /usr/lib/gcc/arm-none-eabi/8.2.0/../../../../arm-none-eabi/lib/thumb/v7-m/nofp/libg_nano.a(lib_a-findfp.o)
                0x00000000080015dc                __sf_fake_stdout
 .rodata._global_impure_ptr
                0x00000000080015fc        0x4 /usr/lib/gcc/arm-none-eabi/8.2.0/../../../../arm-none-eabi/lib/thumb/v7-m/nofp/libg_nano.a(lib_a-impure.o)
                0x00000000080015fc                _global_impure_ptr
 .rodata._vfprintf_r.str1.1
                0x0000000008001600       0x11 /usr/lib/gcc/arm-none-eabi/8.2.0/../../../../arm-none-eabi/lib/thumb/v7-m/nofp/libg_nano.a(lib_a-nano-vfprintf.o)
 .rodata._printf_i.str1.1
                0x0000000008001611       0x22 /usr/lib/gcc/arm-none-eabi/8.2.0/../../../../arm-none-eabi/lib/thumb/v7-m/nofp/libg_nano.a(lib_a-nano-vfprintf_i.o)
                0x0000000008001634                . = ALIGN (0x4)
 *fill*         0x0000000008001633        0x1 

.glue_7         0x0000000008001634        0x0
 .glue_7        0x0000000008001634        0x0 linker stubs

.glue_7t        0x0000000008001634        0x0
 .glue_7t       0x0000000008001634        0x0 linker stubs

.vfp11_veneer   0x0000000008001634        0x0
 .vfp11_veneer  0x0000000008001634        0x0 linker stubs

.v4_bx          0x0000000008001634        0x0
 .v4_bx         0x0000000008001634        0x0 linker stubs

.iplt           0x0000000008001634        0x0
 .iplt          0x0000000008001634        0x0 ./src/_write.o

.rel.dyn        0x0000000008001634        0x0
 .rel.iplt      0x0000000008001634        0x0 ./src/_write.o

.preinit_array  0x0000000008001634        0x0
                0x0000000008001634                . = ALIGN (0x4)
                0x0000000008001634                __preinit_array_start = .
 *(.preinit_array)
                0x0000000008001634                __preinit_array_end = .

.init_array     0x0000000008001634        0x0
                0x0000000008001634                . = ALIGN (0x4)
                0x0000000008001634                __init_array_start = .
 *(SORT_BY_NAME(.init_array.*))
 *(.init_array)
                0x0000000008001634                __init_array_end = .

.fini_array     0x0000000008001634        0x0
                0x0000000008001634                . = ALIGN (0x4)
                0x0000000008001634                __fini_array_start = .
 *(.fini_array)
 *(SORT_BY_NAME(.fini_array.*))
                0x0000000008001634                __fini_array_end = .

.ARM.extab
 *(.ARM.extab*)

.ARM.exidx      0x0000000008001634        0x0
                0x0000000008001634                __exidx_start = .
 *(.ARM.exidx*)
                0x0000000008001634                __exidx_end = .
                0x0000000008001634                . = ALIGN (0x4)
                0x0000000008001634                _etext = .

.data           0x0000000020000000       0x70 load address 0x0000000008001634
                0x0000000020000000                _data = .
 *(.data*)
 .data.rcc_ahb_frequency
                0x0000000020000000        0x4 /home/jdr/Projects/stm32/libopencm3-examples/libopencm3/lib/libopencm3_stm32f1.a(rcc.o)
                0x0000000020000000                rcc_ahb_frequency
 .data.rcc_apb1_frequency
                0x0000000020000004        0x4 /home/jdr/Projects/stm32/libopencm3-examples/libopencm3/lib/libopencm3_stm32f1.a(rcc.o)
                0x0000000020000004                rcc_apb1_frequency
 .data.rcc_apb2_frequency
                0x0000000020000008        0x4 /home/jdr/Projects/stm32/libopencm3-examples/libopencm3/lib/libopencm3_stm32f1.a(rcc.o)
                0x0000000020000008                rcc_apb2_frequency
 .data._impure_ptr
                0x000000002000000c        0x4 /usr/lib/gcc/arm-none-eabi/8.2.0/../../../../arm-none-eabi/lib/thumb/v7-m/nofp/libg_nano.a(lib_a-impure.o)
                0x000000002000000c                _impure_ptr
 .data.impure_data
                0x0000000020000010       0x60 /usr/lib/gcc/arm-none-eabi/8.2.0/../../../../arm-none-eabi/lib/thumb/v7-m/nofp/libg_nano.a(lib_a-impure.o)
                0x0000000020000070                . = ALIGN (0x4)
                0x0000000020000070                _edata = .
                0x0000000008001634                _data_loadaddr = LOADADDR (.data)

.igot.plt       0x0000000020000070        0x0 load address 0x00000000080016a4
 .igot.plt      0x0000000020000070        0x0 ./src/_write.o

.bss            0x0000000020000070       0x10 load address 0x00000000080016a4
 *(.bss*)
 .bss.__malloc_free_list
                0x0000000020000070        0x4 /usr/lib/gcc/arm-none-eabi/8.2.0/../../../../arm-none-eabi/lib/thumb/v7-m/nofp/libg_nano.a(lib_a-nano-mallocr.o)
                0x0000000020000070                __malloc_free_list
 .bss.__malloc_sbrk_start
                0x0000000020000074        0x4 /usr/lib/gcc/arm-none-eabi/8.2.0/../../../../arm-none-eabi/lib/thumb/v7-m/nofp/libg_nano.a(lib_a-nano-mallocr.o)
                0x0000000020000074                __malloc_sbrk_start
 .bss.heap_end.4194
                0x0000000020000078        0x4 /usr/lib/gcc/arm-none-eabi/8.2.0/../../../../arm-none-eabi/lib/thumb/v7-m/nofp/libnosys.a(sbrk.o)
 *(COMMON)
 COMMON         0x000000002000007c        0x4 /usr/lib/gcc/arm-none-eabi/8.2.0/../../../../arm-none-eabi/lib/thumb/v7-m/nofp/libg_nano.a(lib_a-reent.o)
                0x000000002000007c                errno
                0x0000000020000080                . = ALIGN (0x4)
                0x0000000020000080                _ebss = .

/DISCARD/
 *(.eh_frame)
                0x0000000020000080                . = ALIGN (0x4)
                0x0000000020000080                end = .
                0x0000000020005000                PROVIDE (_stack = (ORIGIN (ram) + LENGTH (ram)))
OUTPUT(CountryHouseLights.elf elf32-littlearm)

.debug_info     0x0000000000000000     0x581e
 .debug_info    0x0000000000000000      0xa2f ./src/_write.o
 .debug_info    0x0000000000000a2f     0x1001 ./src/clock.o
 .debug_info    0x0000000000001a30      0xbfc ./src/main.o
 .debug_info    0x000000000000262c      0x502 ./src/usart_comm.o
 .debug_info    0x0000000000002b2e      0x216 /home/jdr/Projects/stm32/libopencm3-examples/libopencm3/lib/libopencm3_stm32f1.a(gpio.o)
 .debug_info    0x0000000000002d44     0x125f /home/jdr/Projects/stm32/libopencm3-examples/libopencm3/lib/libopencm3_stm32f1.a(rcc.o)
 .debug_info    0x0000000000003fa3      0x73c /home/jdr/Projects/stm32/libopencm3-examples/libopencm3/lib/libopencm3_stm32f1.a(rtc.o)
 .debug_info    0x00000000000046df      0x52d /home/jdr/Projects/stm32/libopencm3-examples/libopencm3/lib/libopencm3_stm32f1.a(usart_common_all.o)
 .debug_info    0x0000000000004c0c      0x1c5 /home/jdr/Projects/stm32/libopencm3-examples/libopencm3/lib/libopencm3_stm32f1.a(usart_common_f124.o)
 .debug_info    0x0000000000004dd1      0x639 /home/jdr/Projects/stm32/libopencm3-examples/libopencm3/lib/libopencm3_stm32f1.a(rcc_common_all.o)
 .debug_info    0x000000000000540a       0xfc /home/jdr/Projects/stm32/libopencm3-examples/libopencm3/lib/libopencm3_stm32f1.a(flash_common_all.o)
 .debug_info    0x0000000000005506      0x318 /home/jdr/Projects/stm32/libopencm3-examples/libopencm3/lib/libopencm3_stm32f1.a(vector.o)

.debug_abbrev   0x0000000000000000     0x134c
 .debug_abbrev  0x0000000000000000      0x22d ./src/_write.o
 .debug_abbrev  0x000000000000022d      0x2db ./src/clock.o
 .debug_abbrev  0x0000000000000508      0x25b ./src/main.o
 .debug_abbrev  0x0000000000000763      0x144 ./src/usart_comm.o
 .debug_abbrev  0x00000000000008a7       0xd0 /home/jdr/Projects/stm32/libopencm3-examples/libopencm3/lib/libopencm3_stm32f1.a(gpio.o)
 .debug_abbrev  0x0000000000000977      0x2ce /home/jdr/Projects/stm32/libopencm3-examples/libopencm3/lib/libopencm3_stm32f1.a(rcc.o)
 .debug_abbrev  0x0000000000000c45      0x1c2 /home/jdr/Projects/stm32/libopencm3-examples/libopencm3/lib/libopencm3_stm32f1.a(rtc.o)
 .debug_abbrev  0x0000000000000e07      0x129 /home/jdr/Projects/stm32/libopencm3-examples/libopencm3/lib/libopencm3_stm32f1.a(usart_common_all.o)
 .debug_abbrev  0x0000000000000f30       0xc8 /home/jdr/Projects/stm32/libopencm3-examples/libopencm3/lib/libopencm3_stm32f1.a(usart_common_f124.o)
 .debug_abbrev  0x0000000000000ff8      0x158 /home/jdr/Projects/stm32/libopencm3-examples/libopencm3/lib/libopencm3_stm32f1.a(rcc_common_all.o)
 .debug_abbrev  0x0000000000001150       0x9a /home/jdr/Projects/stm32/libopencm3-examples/libopencm3/lib/libopencm3_stm32f1.a(flash_common_all.o)
 .debug_abbrev  0x00000000000011ea      0x162 /home/jdr/Projects/stm32/libopencm3-examples/libopencm3/lib/libopencm3_stm32f1.a(vector.o)

.debug_loc      0x0000000000000000     0x1084
 .debug_loc     0x0000000000000000       0xf8 ./src/_write.o
 .debug_loc     0x00000000000000f8       0x47 ./src/clock.o
 .debug_loc     0x000000000000013f       0x31 ./src/main.o
 .debug_loc     0x0000000000000170       0xf5 ./src/usart_comm.o
 .debug_loc     0x0000000000000265      0x170 /home/jdr/Projects/stm32/libopencm3-examples/libopencm3/lib/libopencm3_stm32f1.a(gpio.o)
 .debug_loc     0x00000000000003d5      0x558 /home/jdr/Projects/stm32/libopencm3-examples/libopencm3/lib/libopencm3_stm32f1.a(rcc.o)
 .debug_loc     0x000000000000092d      0x25a /home/jdr/Projects/stm32/libopencm3-examples/libopencm3/lib/libopencm3_stm32f1.a(rtc.o)
 .debug_loc     0x0000000000000b87      0x1e1 /home/jdr/Projects/stm32/libopencm3-examples/libopencm3/lib/libopencm3_stm32f1.a(usart_common_all.o)
 .debug_loc     0x0000000000000d68       0x99 /home/jdr/Projects/stm32/libopencm3-examples/libopencm3/lib/libopencm3_stm32f1.a(usart_common_f124.o)
 .debug_loc     0x0000000000000e01      0x128 /home/jdr/Projects/stm32/libopencm3-examples/libopencm3/lib/libopencm3_stm32f1.a(rcc_common_all.o)
 .debug_loc     0x0000000000000f29       0x47 /home/jdr/Projects/stm32/libopencm3-examples/libopencm3/lib/libopencm3_stm32f1.a(flash_common_all.o)
 .debug_loc     0x0000000000000f70      0x114 /home/jdr/Projects/stm32/libopencm3-examples/libopencm3/lib/libopencm3_stm32f1.a(vector.o)

.debug_aranges  0x0000000000000000      0x4b0
 .debug_aranges
                0x0000000000000000       0x28 ./src/_write.o
 .debug_aranges
                0x0000000000000028       0x40 ./src/clock.o
 .debug_aranges
                0x0000000000000068       0x20 ./src/main.o
 .debug_aranges
                0x0000000000000088       0x30 ./src/usart_comm.o
 .debug_aranges
                0x00000000000000b8       0x38 /home/jdr/Projects/stm32/libopencm3-examples/libopencm3/lib/libopencm3_stm32f1.a(gpio.o)
 .debug_aranges
                0x00000000000000f0      0x158 /home/jdr/Projects/stm32/libopencm3-examples/libopencm3/lib/libopencm3_stm32f1.a(rcc.o)
 .debug_aranges
                0x0000000000000248       0xa0 /home/jdr/Projects/stm32/libopencm3-examples/libopencm3/lib/libopencm3_stm32f1.a(rtc.o)
 .debug_aranges
                0x00000000000002e8       0xb8 /home/jdr/Projects/stm32/libopencm3-examples/libopencm3/lib/libopencm3_stm32f1.a(usart_common_all.o)
 .debug_aranges
                0x00000000000003a0       0x40 /home/jdr/Projects/stm32/libopencm3-examples/libopencm3/lib/libopencm3_stm32f1.a(usart_common_f124.o)
 .debug_aranges
                0x00000000000003e0       0x68 /home/jdr/Projects/stm32/libopencm3-examples/libopencm3/lib/libopencm3_stm32f1.a(rcc_common_all.o)
 .debug_aranges
                0x0000000000000448       0x38 /home/jdr/Projects/stm32/libopencm3-examples/libopencm3/lib/libopencm3_stm32f1.a(flash_common_all.o)
 .debug_aranges
                0x0000000000000480       0x30 /home/jdr/Projects/stm32/libopencm3-examples/libopencm3/lib/libopencm3_stm32f1.a(vector.o)

.debug_ranges   0x0000000000000000      0x478
 .debug_ranges  0x0000000000000000       0x18 ./src/_write.o
 .debug_ranges  0x0000000000000018       0x30 ./src/clock.o
 .debug_ranges  0x0000000000000048       0x10 ./src/main.o
 .debug_ranges  0x0000000000000058       0x20 ./src/usart_comm.o
 .debug_ranges  0x0000000000000078       0x28 /home/jdr/Projects/stm32/libopencm3-examples/libopencm3/lib/libopencm3_stm32f1.a(gpio.o)
 .debug_ranges  0x00000000000000a0      0x1b8 /home/jdr/Projects/stm32/libopencm3-examples/libopencm3/lib/libopencm3_stm32f1.a(rcc.o)
 .debug_ranges  0x0000000000000258       0x90 /home/jdr/Projects/stm32/libopencm3-examples/libopencm3/lib/libopencm3_stm32f1.a(rtc.o)
 .debug_ranges  0x00000000000002e8       0xa8 /home/jdr/Projects/stm32/libopencm3-examples/libopencm3/lib/libopencm3_stm32f1.a(usart_common_all.o)
 .debug_ranges  0x0000000000000390       0x30 /home/jdr/Projects/stm32/libopencm3-examples/libopencm3/lib/libopencm3_stm32f1.a(usart_common_f124.o)
 .debug_ranges  0x00000000000003c0       0x58 /home/jdr/Projects/stm32/libopencm3-examples/libopencm3/lib/libopencm3_stm32f1.a(rcc_common_all.o)
 .debug_ranges  0x0000000000000418       0x28 /home/jdr/Projects/stm32/libopencm3-examples/libopencm3/lib/libopencm3_stm32f1.a(flash_common_all.o)
 .debug_ranges  0x0000000000000440       0x38 /home/jdr/Projects/stm32/libopencm3-examples/libopencm3/lib/libopencm3_stm32f1.a(vector.o)

.debug_macro    0x0000000000000000     0x6d14
 .debug_macro   0x0000000000000000       0xc7 ./src/_write.o
 .debug_macro   0x00000000000000c7      0xa7e ./src/_write.o
 .debug_macro   0x0000000000000b45       0x10 ./src/_write.o
 .debug_macro   0x0000000000000b55       0x22 ./src/_write.o
 .debug_macro   0x0000000000000b77       0x4c ./src/_write.o
 .debug_macro   0x0000000000000bc3       0x18 ./src/_write.o
 .debug_macro   0x0000000000000bdb       0x94 ./src/_write.o
 .debug_macro   0x0000000000000c6f       0x35 ./src/_write.o
 .debug_macro   0x0000000000000ca4       0x34 ./src/_write.o
 .debug_macro   0x0000000000000cd8      0x174 ./src/_write.o
 .debug_macro   0x0000000000000e4c       0x57 ./src/_write.o
 .debug_macro   0x0000000000000ea3       0x52 ./src/_write.o
 .debug_macro   0x0000000000000ef5       0x1f ./src/_write.o
 .debug_macro   0x0000000000000f14       0x43 ./src/_write.o
 .debug_macro   0x0000000000000f57       0x20 ./src/_write.o
 .debug_macro   0x0000000000000f77      0x18e ./src/_write.o
 .debug_macro   0x0000000000001105      0x23b ./src/_write.o
 .debug_macro   0x0000000000001340      0x26c ./src/clock.o
 .debug_macro   0x00000000000015ac       0x8e ./src/clock.o
 .debug_macro   0x000000000000163a       0x51 ./src/clock.o
 .debug_macro   0x000000000000168b       0xef ./src/clock.o
 .debug_macro   0x000000000000177a       0x6a ./src/clock.o
 .debug_macro   0x00000000000017e4      0x1df ./src/clock.o
 .debug_macro   0x00000000000019c3       0x52 ./src/clock.o
 .debug_macro   0x0000000000001a15       0x16 ./src/clock.o
 .debug_macro   0x0000000000001a2b       0x97 ./src/clock.o
 .debug_macro   0x0000000000001ac2      0x339 ./src/clock.o
 .debug_macro   0x0000000000001dfb       0xfd ./src/clock.o
 .debug_macro   0x0000000000001ef8       0x10 ./src/clock.o
 .debug_macro   0x0000000000001f08       0x10 ./src/clock.o
 .debug_macro   0x0000000000001f18       0x1c ./src/clock.o
 .debug_macro   0x0000000000001f34       0x52 ./src/clock.o
 .debug_macro   0x0000000000001f86       0x40 ./src/clock.o
 .debug_macro   0x0000000000001fc6       0x10 ./src/clock.o
 .debug_macro   0x0000000000001fd6       0x40 ./src/clock.o
 .debug_macro   0x0000000000002016       0xd7 ./src/clock.o
 .debug_macro   0x00000000000020ed       0x1c ./src/clock.o
 .debug_macro   0x0000000000002109       0x3d ./src/clock.o
 .debug_macro   0x0000000000002146       0x16 ./src/clock.o
 .debug_macro   0x000000000000215c      0x16f ./src/clock.o
 .debug_macro   0x00000000000022cb       0x22 ./src/clock.o
 .debug_macro   0x00000000000022ed       0xfa ./src/clock.o
 .debug_macro   0x00000000000023e7       0x58 ./src/clock.o
 .debug_macro   0x000000000000243f      0x1b4 ./src/clock.o
 .debug_macro   0x00000000000025f3       0x8e ./src/clock.o
 .debug_macro   0x0000000000002681      0x82c ./src/clock.o
 .debug_macro   0x0000000000002ead       0x76 ./src/clock.o
 .debug_macro   0x0000000000002f23       0xee ./src/clock.o
 .debug_macro   0x0000000000003011       0x82 ./src/clock.o
 .debug_macro   0x0000000000003093      0x27d ./src/main.o
 .debug_macro   0x0000000000003310       0x16 ./src/main.o
 .debug_macro   0x0000000000003326       0x35 ./src/main.o
 .debug_macro   0x000000000000335b       0x16 ./src/main.o
 .debug_macro   0x0000000000003371       0x29 ./src/main.o
 .debug_macro   0x000000000000339a       0x76 ./src/main.o
 .debug_macro   0x0000000000003410      0xdfd ./src/main.o
 .debug_macro   0x000000000000420d      0xf96 ./src/main.o
 .debug_macro   0x00000000000051a3      0x104 ./src/usart_comm.o
 .debug_macro   0x00000000000052a7       0x94 ./src/usart_comm.o
 .debug_macro   0x000000000000533b      0x29e ./src/usart_comm.o
 .debug_macro   0x00000000000055d9       0xb9 /home/jdr/Projects/stm32/libopencm3-examples/libopencm3/lib/libopencm3_stm32f1.a(gpio.o)
 .debug_macro   0x0000000000005692      0xa84 /home/jdr/Projects/stm32/libopencm3-examples/libopencm3/lib/libopencm3_stm32f1.a(gpio.o)
 .debug_macro   0x0000000000006116       0x56 /home/jdr/Projects/stm32/libopencm3-examples/libopencm3/lib/libopencm3_stm32f1.a(gpio.o)
 .debug_macro   0x000000000000616c       0xe8 /home/jdr/Projects/stm32/libopencm3-examples/libopencm3/lib/libopencm3_stm32f1.a(rcc.o)
 .debug_macro   0x0000000000006254       0x16 /home/jdr/Projects/stm32/libopencm3-examples/libopencm3/lib/libopencm3_stm32f1.a(rcc.o)
 .debug_macro   0x000000000000626a       0xe7 /home/jdr/Projects/stm32/libopencm3-examples/libopencm3/lib/libopencm3_stm32f1.a(rtc.o)
 .debug_macro   0x0000000000006351       0xdb /home/jdr/Projects/stm32/libopencm3-examples/libopencm3/lib/libopencm3_stm32f1.a(usart_common_all.o)
 .debug_macro   0x000000000000642c       0xdb /home/jdr/Projects/stm32/libopencm3-examples/libopencm3/lib/libopencm3_stm32f1.a(usart_common_f124.o)
 .debug_macro   0x0000000000006507       0xcf /home/jdr/Projects/stm32/libopencm3-examples/libopencm3/lib/libopencm3_stm32f1.a(rcc_common_all.o)
 .debug_macro   0x00000000000065d6       0xc1 /home/jdr/Projects/stm32/libopencm3-examples/libopencm3/lib/libopencm3_stm32f1.a(flash_common_all.o)
 .debug_macro   0x0000000000006697       0xd0 /home/jdr/Projects/stm32/libopencm3-examples/libopencm3/lib/libopencm3_stm32f1.a(vector.o)
 .debug_macro   0x0000000000006767      0x3a1 /home/jdr/Projects/stm32/libopencm3-examples/libopencm3/lib/libopencm3_stm32f1.a(vector.o)
 .debug_macro   0x0000000000006b08       0x6a /home/jdr/Projects/stm32/libopencm3-examples/libopencm3/lib/libopencm3_stm32f1.a(vector.o)
 .debug_macro   0x0000000000006b72      0x1a2 /home/jdr/Projects/stm32/libopencm3-examples/libopencm3/lib/libopencm3_stm32f1.a(vector.o)

.debug_line     0x0000000000000000     0x386e
 .debug_line    0x0000000000000000      0x1c4 ./src/_write.o
 .debug_line    0x00000000000001c4      0x58f ./src/clock.o
 .debug_line    0x0000000000000753      0x4e8 ./src/main.o
 .debug_line    0x0000000000000c3b      0x416 ./src/usart_comm.o
 .debug_line    0x0000000000001051      0x311 /home/jdr/Projects/stm32/libopencm3-examples/libopencm3/lib/libopencm3_stm32f1.a(gpio.o)
 .debug_line    0x0000000000001362      0xc3f /home/jdr/Projects/stm32/libopencm3-examples/libopencm3/lib/libopencm3_stm32f1.a(rcc.o)
 .debug_line    0x0000000000001fa1      0x683 /home/jdr/Projects/stm32/libopencm3-examples/libopencm3/lib/libopencm3_stm32f1.a(rtc.o)
 .debug_line    0x0000000000002624      0x53b /home/jdr/Projects/stm32/libopencm3-examples/libopencm3/lib/libopencm3_stm32f1.a(usart_common_all.o)
 .debug_line    0x0000000000002b5f      0x31b /home/jdr/Projects/stm32/libopencm3-examples/libopencm3/lib/libopencm3_stm32f1.a(usart_common_f124.o)
 .debug_line    0x0000000000002e7a      0x3b4 /home/jdr/Projects/stm32/libopencm3-examples/libopencm3/lib/libopencm3_stm32f1.a(rcc_common_all.o)
 .debug_line    0x000000000000322e      0x2e5 /home/jdr/Projects/stm32/libopencm3-examples/libopencm3/lib/libopencm3_stm32f1.a(flash_common_all.o)
 .debug_line    0x0000000000003513      0x35b /home/jdr/Projects/stm32/libopencm3-examples/libopencm3/lib/libopencm3_stm32f1.a(vector.o)

.debug_str      0x0000000000000000    0x17fed
 .debug_str     0x0000000000000000     0x4d73 ./src/_write.o
                                       0x4ec2 (size before relaxing)
 .debug_str     0x0000000000004d73     0x784b ./src/clock.o
                                       0xc356 (size before relaxing)
 .debug_str     0x000000000000c5be     0x795f ./src/main.o
                                      0x12cc5 (size before relaxing)
 .debug_str     0x0000000000013f1d     0x108c ./src/usart_comm.o
                                       0xbbe8 (size before relaxing)
 .debug_str     0x0000000000014fa9      0x212 /home/jdr/Projects/stm32/libopencm3-examples/libopencm3/lib/libopencm3_stm32f1.a(gpio.o)
                                       0x8484 (size before relaxing)
 .debug_str     0x00000000000151bb      0x443 /home/jdr/Projects/stm32/libopencm3-examples/libopencm3/lib/libopencm3_stm32f1.a(rcc.o)
                                       0x7d8f (size before relaxing)
 .debug_str     0x00000000000155fe      0x18f /home/jdr/Projects/stm32/libopencm3-examples/libopencm3/lib/libopencm3_stm32f1.a(rtc.o)
                                       0x7a3a (size before relaxing)
 .debug_str     0x000000000001578d      0x17b /home/jdr/Projects/stm32/libopencm3-examples/libopencm3/lib/libopencm3_stm32f1.a(usart_common_all.o)
                                       0x8264 (size before relaxing)
 .debug_str     0x0000000000015908       0x2d /home/jdr/Projects/stm32/libopencm3-examples/libopencm3/lib/libopencm3_stm32f1.a(usart_common_f124.o)
                                       0x809e (size before relaxing)
 .debug_str     0x0000000000015935      0x168 /home/jdr/Projects/stm32/libopencm3-examples/libopencm3/lib/libopencm3_stm32f1.a(rcc_common_all.o)
                                       0x76a5 (size before relaxing)
 .debug_str     0x0000000000015a9d       0x64 /home/jdr/Projects/stm32/libopencm3-examples/libopencm3/lib/libopencm3_stm32f1.a(flash_common_all.o)
                                       0x5468 (size before relaxing)
 .debug_str     0x0000000000015b01     0x24ec /home/jdr/Projects/stm32/libopencm3-examples/libopencm3/lib/libopencm3_stm32f1.a(vector.o)
                                       0x65cc (size before relaxing)

.comment        0x0000000000000000       0x1d
 .comment       0x0000000000000000       0x1d ./src/_write.o
                                         0x1e (size before relaxing)
 .comment       0x000000000000001d       0x1e ./src/clock.o
 .comment       0x000000000000001d       0x1e ./src/main.o
 .comment       0x000000000000001d       0x1e ./src/usart_comm.o
 .comment       0x000000000000001d       0x1e /home/jdr/Projects/stm32/libopencm3-examples/libopencm3/lib/libopencm3_stm32f1.a(gpio.o)
 .comment       0x000000000000001d       0x1e /home/jdr/Projects/stm32/libopencm3-examples/libopencm3/lib/libopencm3_stm32f1.a(rcc.o)
 .comment       0x000000000000001d       0x1e /home/jdr/Projects/stm32/libopencm3-examples/libopencm3/lib/libopencm3_stm32f1.a(rtc.o)
 .comment       0x000000000000001d       0x1e /home/jdr/Projects/stm32/libopencm3-examples/libopencm3/lib/libopencm3_stm32f1.a(usart_common_all.o)
 .comment       0x000000000000001d       0x1e /home/jdr/Projects/stm32/libopencm3-examples/libopencm3/lib/libopencm3_stm32f1.a(usart_common_f124.o)
 .comment       0x000000000000001d       0x1e /home/jdr/Projects/stm32/libopencm3-examples/libopencm3/lib/libopencm3_stm32f1.a(rcc_common_all.o)
 .comment       0x000000000000001d       0x1e /home/jdr/Projects/stm32/libopencm3-examples/libopencm3/lib/libopencm3_stm32f1.a(flash_common_all.o)
 .comment       0x000000000000001d       0x1e /home/jdr/Projects/stm32/libopencm3-examples/libopencm3/lib/libopencm3_stm32f1.a(vector.o)

.ARM.attributes
                0x0000000000000000       0x2b
 .ARM.attributes
                0x0000000000000000       0x2d ./src/_write.o
 .ARM.attributes
                0x000000000000002d       0x2d ./src/clock.o
 .ARM.attributes
                0x000000000000005a       0x2d ./src/main.o
 .ARM.attributes
                0x0000000000000087       0x2d ./src/usart_comm.o
 .ARM.attributes
                0x00000000000000b4       0x2d /home/jdr/Projects/stm32/libopencm3-examples/libopencm3/lib/libopencm3_stm32f1.a(gpio.o)
 .ARM.attributes
                0x00000000000000e1       0x2d /home/jdr/Projects/stm32/libopencm3-examples/libopencm3/lib/libopencm3_stm32f1.a(rcc.o)
 .ARM.attributes
                0x000000000000010e       0x2d /home/jdr/Projects/stm32/libopencm3-examples/libopencm3/lib/libopencm3_stm32f1.a(rtc.o)
 .ARM.attributes
                0x000000000000013b       0x2d /home/jdr/Projects/stm32/libopencm3-examples/libopencm3/lib/libopencm3_stm32f1.a(usart_common_all.o)
 .ARM.attributes
                0x0000000000000168       0x2d /home/jdr/Projects/stm32/libopencm3-examples/libopencm3/lib/libopencm3_stm32f1.a(usart_common_f124.o)
 .ARM.attributes
                0x0000000000000195       0x2d /home/jdr/Projects/stm32/libopencm3-examples/libopencm3/lib/libopencm3_stm32f1.a(rcc_common_all.o)
 .ARM.attributes
                0x00000000000001c2       0x2d /home/jdr/Projects/stm32/libopencm3-examples/libopencm3/lib/libopencm3_stm32f1.a(flash_common_all.o)
 .ARM.attributes
                0x00000000000001ef       0x2d /home/jdr/Projects/stm32/libopencm3-examples/libopencm3/lib/libopencm3_stm32f1.a(vector.o)
 .ARM.attributes
                0x000000000000021c       0x2d /usr/lib/gcc/arm-none-eabi/8.2.0/../../../../arm-none-eabi/lib/thumb/v7-m/nofp/libg_nano.a(lib_a-printf.o)
 .ARM.attributes
                0x0000000000000249       0x2d /usr/lib/gcc/arm-none-eabi/8.2.0/../../../../arm-none-eabi/lib/thumb/v7-m/nofp/libg_nano.a(lib_a-findfp.o)
 .ARM.attributes
                0x0000000000000276       0x2d /usr/lib/gcc/arm-none-eabi/8.2.0/../../../../arm-none-eabi/lib/thumb/v7-m/nofp/libg_nano.a(lib_a-fwalk.o)
 .ARM.attributes
                0x00000000000002a3       0x2d /usr/lib/gcc/arm-none-eabi/8.2.0/../../../../arm-none-eabi/lib/thumb/v7-m/nofp/libg_nano.a(lib_a-impure.o)
 .ARM.attributes
                0x00000000000002d0       0x2d /usr/lib/gcc/arm-none-eabi/8.2.0/../../../../arm-none-eabi/lib/thumb/v7-m/nofp/libg_nano.a(lib_a-memset.o)
 .ARM.attributes
                0x00000000000002fd       0x2d /usr/lib/gcc/arm-none-eabi/8.2.0/../../../../arm-none-eabi/lib/thumb/v7-m/nofp/libg_nano.a(lib_a-nano-freer.o)
 .ARM.attributes
                0x000000000000032a       0x2d /usr/lib/gcc/arm-none-eabi/8.2.0/../../../../arm-none-eabi/lib/thumb/v7-m/nofp/libg_nano.a(lib_a-nano-mallocr.o)
 .ARM.attributes
                0x0000000000000357       0x2d /usr/lib/gcc/arm-none-eabi/8.2.0/../../../../arm-none-eabi/lib/thumb/v7-m/nofp/libg_nano.a(lib_a-nano-vfprintf.o)
 .ARM.attributes
                0x0000000000000384       0x2d /usr/lib/gcc/arm-none-eabi/8.2.0/../../../../arm-none-eabi/lib/thumb/v7-m/nofp/libg_nano.a(lib_a-sbrkr.o)
 .ARM.attributes
                0x00000000000003b1       0x2d /usr/lib/gcc/arm-none-eabi/8.2.0/../../../../arm-none-eabi/lib/thumb/v7-m/nofp/libg_nano.a(lib_a-stdio.o)
 .ARM.attributes
                0x00000000000003de       0x2d /usr/lib/gcc/arm-none-eabi/8.2.0/../../../../arm-none-eabi/lib/thumb/v7-m/nofp/libg_nano.a(lib_a-wbuf.o)
 .ARM.attributes
                0x000000000000040b       0x2d /usr/lib/gcc/arm-none-eabi/8.2.0/../../../../arm-none-eabi/lib/thumb/v7-m/nofp/libg_nano.a(lib_a-writer.o)
 .ARM.attributes
                0x0000000000000438       0x2d /usr/lib/gcc/arm-none-eabi/8.2.0/../../../../arm-none-eabi/lib/thumb/v7-m/nofp/libg_nano.a(lib_a-wsetup.o)
 .ARM.attributes
                0x0000000000000465       0x2d /usr/lib/gcc/arm-none-eabi/8.2.0/../../../../arm-none-eabi/lib/thumb/v7-m/nofp/libg_nano.a(lib_a-closer.o)
 .ARM.attributes
                0x0000000000000492       0x2d /usr/lib/gcc/arm-none-eabi/8.2.0/../../../../arm-none-eabi/lib/thumb/v7-m/nofp/libg_nano.a(lib_a-fflush.o)
 .ARM.attributes
                0x00000000000004bf       0x2d /usr/lib/gcc/arm-none-eabi/8.2.0/../../../../arm-none-eabi/lib/thumb/v7-m/nofp/libg_nano.a(lib_a-lseekr.o)
 .ARM.attributes
                0x00000000000004ec       0x2d /usr/lib/gcc/arm-none-eabi/8.2.0/../../../../arm-none-eabi/lib/thumb/v7-m/nofp/libg_nano.a(lib_a-makebuf.o)
 .ARM.attributes
                0x0000000000000519       0x2d /usr/lib/gcc/arm-none-eabi/8.2.0/../../../../arm-none-eabi/lib/thumb/v7-m/nofp/libg_nano.a(lib_a-memchr-stub.o)
 .ARM.attributes
                0x0000000000000546       0x2d /usr/lib/gcc/arm-none-eabi/8.2.0/../../../../arm-none-eabi/lib/thumb/v7-m/nofp/libg_nano.a(lib_a-mlock.o)
 .ARM.attributes
                0x0000000000000573       0x2d /usr/lib/gcc/arm-none-eabi/8.2.0/../../../../arm-none-eabi/lib/thumb/v7-m/nofp/libg_nano.a(lib_a-nano-vfprintf_i.o)
 .ARM.attributes
                0x00000000000005a0       0x2d /usr/lib/gcc/arm-none-eabi/8.2.0/../../../../arm-none-eabi/lib/thumb/v7-m/nofp/libg_nano.a(lib_a-readr.o)
 .ARM.attributes
                0x00000000000005cd       0x2d /usr/lib/gcc/arm-none-eabi/8.2.0/../../../../arm-none-eabi/lib/thumb/v7-m/nofp/libg_nano.a(lib_a-reent.o)
 .ARM.attributes
                0x00000000000005fa       0x2d /usr/lib/gcc/arm-none-eabi/8.2.0/../../../../arm-none-eabi/lib/thumb/v7-m/nofp/libg_nano.a(lib_a-fstatr.o)
 .ARM.attributes
                0x0000000000000627       0x2d /usr/lib/gcc/arm-none-eabi/8.2.0/../../../../arm-none-eabi/lib/thumb/v7-m/nofp/libg_nano.a(lib_a-isattyr.o)
 .ARM.attributes
                0x0000000000000654       0x2d /usr/lib/gcc/arm-none-eabi/8.2.0/../../../../arm-none-eabi/lib/thumb/v7-m/nofp/libnosys.a(close.o)
 .ARM.attributes
                0x0000000000000681       0x2d /usr/lib/gcc/arm-none-eabi/8.2.0/../../../../arm-none-eabi/lib/thumb/v7-m/nofp/libnosys.a(fstat.o)
 .ARM.attributes
                0x00000000000006ae       0x2d /usr/lib/gcc/arm-none-eabi/8.2.0/../../../../arm-none-eabi/lib/thumb/v7-m/nofp/libnosys.a(isatty.o)
 .ARM.attributes
                0x00000000000006db       0x2d /usr/lib/gcc/arm-none-eabi/8.2.0/../../../../arm-none-eabi/lib/thumb/v7-m/nofp/libnosys.a(lseek.o)
 .ARM.attributes
                0x0000000000000708       0x2d /usr/lib/gcc/arm-none-eabi/8.2.0/../../../../arm-none-eabi/lib/thumb/v7-m/nofp/libnosys.a(sbrk.o)

.debug_frame    0x0000000000000000     0x1134
 .debug_frame   0x0000000000000000       0x40 ./src/_write.o
 .debug_frame   0x0000000000000040       0x94 ./src/clock.o
 .debug_frame   0x00000000000000d4       0x28 ./src/main.o
 .debug_frame   0x00000000000000fc       0x5c ./src/usart_comm.o
 .debug_frame   0x0000000000000158       0x60 /home/jdr/Projects/stm32/libopencm3-examples/libopencm3/lib/libopencm3_stm32f1.a(gpio.o)
 .debug_frame   0x00000000000001b8      0x2e0 /home/jdr/Projects/stm32/libopencm3-examples/libopencm3/lib/libopencm3_stm32f1.a(rcc.o)
 .debug_frame   0x0000000000000498      0x1ac /home/jdr/Projects/stm32/libopencm3-examples/libopencm3/lib/libopencm3_stm32f1.a(rtc.o)
 .debug_frame   0x0000000000000644      0x170 /home/jdr/Projects/stm32/libopencm3-examples/libopencm3/lib/libopencm3_stm32f1.a(usart_common_all.o)
 .debug_frame   0x00000000000007b4       0x60 /home/jdr/Projects/stm32/libopencm3-examples/libopencm3/lib/libopencm3_stm32f1.a(usart_common_f124.o)
 .debug_frame   0x0000000000000814       0xd0 /home/jdr/Projects/stm32/libopencm3-examples/libopencm3/lib/libopencm3_stm32f1.a(rcc_common_all.o)
 .debug_frame   0x00000000000008e4       0x50 /home/jdr/Projects/stm32/libopencm3-examples/libopencm3/lib/libopencm3_stm32f1.a(flash_common_all.o)
 .debug_frame   0x0000000000000934       0x4c /home/jdr/Projects/stm32/libopencm3-examples/libopencm3/lib/libopencm3_stm32f1.a(vector.o)
 .debug_frame   0x0000000000000980       0x74 /usr/lib/gcc/arm-none-eabi/8.2.0/../../../../arm-none-eabi/lib/thumb/v7-m/nofp/libg_nano.a(lib_a-printf.o)
 .debug_frame   0x00000000000009f4      0x11c /usr/lib/gcc/arm-none-eabi/8.2.0/../../../../arm-none-eabi/lib/thumb/v7-m/nofp/libg_nano.a(lib_a-findfp.o)
 .debug_frame   0x0000000000000b10       0x54 /usr/lib/gcc/arm-none-eabi/8.2.0/../../../../arm-none-eabi/lib/thumb/v7-m/nofp/libg_nano.a(lib_a-fwalk.o)
 .debug_frame   0x0000000000000b64       0x20 /usr/lib/gcc/arm-none-eabi/8.2.0/../../../../arm-none-eabi/lib/thumb/v7-m/nofp/libg_nano.a(lib_a-memset.o)
 .debug_frame   0x0000000000000b84       0x38 /usr/lib/gcc/arm-none-eabi/8.2.0/../../../../arm-none-eabi/lib/thumb/v7-m/nofp/libg_nano.a(lib_a-nano-freer.o)
 .debug_frame   0x0000000000000bbc       0x30 /usr/lib/gcc/arm-none-eabi/8.2.0/../../../../arm-none-eabi/lib/thumb/v7-m/nofp/libg_nano.a(lib_a-nano-mallocr.o)
 .debug_frame   0x0000000000000bec       0xac /usr/lib/gcc/arm-none-eabi/8.2.0/../../../../arm-none-eabi/lib/thumb/v7-m/nofp/libg_nano.a(lib_a-nano-vfprintf.o)
 .debug_frame   0x0000000000000c98       0x2c /usr/lib/gcc/arm-none-eabi/8.2.0/../../../../arm-none-eabi/lib/thumb/v7-m/nofp/libg_nano.a(lib_a-sbrkr.o)
 .debug_frame   0x0000000000000cc4       0x88 /usr/lib/gcc/arm-none-eabi/8.2.0/../../../../arm-none-eabi/lib/thumb/v7-m/nofp/libg_nano.a(lib_a-stdio.o)
 .debug_frame   0x0000000000000d4c       0x40 /usr/lib/gcc/arm-none-eabi/8.2.0/../../../../arm-none-eabi/lib/thumb/v7-m/nofp/libg_nano.a(lib_a-wbuf.o)
 .debug_frame   0x0000000000000d8c       0x2c /usr/lib/gcc/arm-none-eabi/8.2.0/../../../../arm-none-eabi/lib/thumb/v7-m/nofp/libg_nano.a(lib_a-writer.o)
 .debug_frame   0x0000000000000db8       0x2c /usr/lib/gcc/arm-none-eabi/8.2.0/../../../../arm-none-eabi/lib/thumb/v7-m/nofp/libg_nano.a(lib_a-wsetup.o)
 .debug_frame   0x0000000000000de4       0x2c /usr/lib/gcc/arm-none-eabi/8.2.0/../../../../arm-none-eabi/lib/thumb/v7-m/nofp/libg_nano.a(lib_a-closer.o)
 .debug_frame   0x0000000000000e10       0x68 /usr/lib/gcc/arm-none-eabi/8.2.0/../../../../arm-none-eabi/lib/thumb/v7-m/nofp/libg_nano.a(lib_a-fflush.o)
 .debug_frame   0x0000000000000e78       0x2c /usr/lib/gcc/arm-none-eabi/8.2.0/../../../../arm-none-eabi/lib/thumb/v7-m/nofp/libg_nano.a(lib_a-lseekr.o)
 .debug_frame   0x0000000000000ea4       0x58 /usr/lib/gcc/arm-none-eabi/8.2.0/../../../../arm-none-eabi/lib/thumb/v7-m/nofp/libg_nano.a(lib_a-makebuf.o)
 .debug_frame   0x0000000000000efc       0x28 /usr/lib/gcc/arm-none-eabi/8.2.0/../../../../arm-none-eabi/lib/thumb/v7-m/nofp/libg_nano.a(lib_a-memchr-stub.o)
 .debug_frame   0x0000000000000f24       0x30 /usr/lib/gcc/arm-none-eabi/8.2.0/../../../../arm-none-eabi/lib/thumb/v7-m/nofp/libg_nano.a(lib_a-mlock.o)
 .debug_frame   0x0000000000000f54       0x60 /usr/lib/gcc/arm-none-eabi/8.2.0/../../../../arm-none-eabi/lib/thumb/v7-m/nofp/libg_nano.a(lib_a-nano-vfprintf_i.o)
 .debug_frame   0x0000000000000fb4       0x2c /usr/lib/gcc/arm-none-eabi/8.2.0/../../../../arm-none-eabi/lib/thumb/v7-m/nofp/libg_nano.a(lib_a-readr.o)
 .debug_frame   0x0000000000000fe0       0x5c /usr/lib/gcc/arm-none-eabi/8.2.0/../../../../arm-none-eabi/lib/thumb/v7-m/nofp/libg_nano.a(lib_a-reent.o)
 .debug_frame   0x000000000000103c       0x2c /usr/lib/gcc/arm-none-eabi/8.2.0/../../../../arm-none-eabi/lib/thumb/v7-m/nofp/libg_nano.a(lib_a-fstatr.o)
 .debug_frame   0x0000000000001068       0x2c /usr/lib/gcc/arm-none-eabi/8.2.0/../../../../arm-none-eabi/lib/thumb/v7-m/nofp/libg_nano.a(lib_a-isattyr.o)
 .debug_frame   0x0000000000001094       0x20 /usr/lib/gcc/arm-none-eabi/8.2.0/../../../../arm-none-eabi/lib/thumb/v7-m/nofp/libnosys.a(close.o)
 .debug_frame   0x00000000000010b4       0x20 /usr/lib/gcc/arm-none-eabi/8.2.0/../../../../arm-none-eabi/lib/thumb/v7-m/nofp/libnosys.a(fstat.o)
 .debug_frame   0x00000000000010d4       0x20 /usr/lib/gcc/arm-none-eabi/8.2.0/../../../../arm-none-eabi/lib/thumb/v7-m/nofp/libnosys.a(isatty.o)
 .debug_frame   0x00000000000010f4       0x20 /usr/lib/gcc/arm-none-eabi/8.2.0/../../../../arm-none-eabi/lib/thumb/v7-m/nofp/libnosys.a(lseek.o)
 .debug_frame   0x0000000000001114       0x20 /usr/lib/gcc/arm-none-eabi/8.2.0/../../../../arm-none-eabi/lib/thumb/v7-m/nofp/libnosys.a(sbrk.o)

.stab           0x0000000000000000       0x6c
 .stab          0x0000000000000000       0x24 /usr/lib/gcc/arm-none-eabi/8.2.0/../../../../arm-none-eabi/lib/thumb/v7-m/nofp/libnosys.a(close.o)
 .stab          0x0000000000000024       0x18 /usr/lib/gcc/arm-none-eabi/8.2.0/../../../../arm-none-eabi/lib/thumb/v7-m/nofp/libnosys.a(fstat.o)
                                         0x24 (size before relaxing)
 .stab          0x000000000000003c       0x18 /usr/lib/gcc/arm-none-eabi/8.2.0/../../../../arm-none-eabi/lib/thumb/v7-m/nofp/libnosys.a(isatty.o)
                                         0x24 (size before relaxing)
 .stab          0x0000000000000054       0x18 /usr/lib/gcc/arm-none-eabi/8.2.0/../../../../arm-none-eabi/lib/thumb/v7-m/nofp/libnosys.a(lseek.o)
                                         0x24 (size before relaxing)

.stabstr        0x0000000000000000       0xe3
 .stabstr       0x0000000000000000       0xe3 /usr/lib/gcc/arm-none-eabi/8.2.0/../../../../arm-none-eabi/lib/thumb/v7-m/nofp/libnosys.a(close.o)
